Component: ARM Compiler 5.06 update 6 (build 750) Tool: armlink [4d35ed]

==============================================================================

Section Cross References

    startup_stm32f103xe.o(RESET) refers to startup_stm32f103xe.o(STACK) for __initial_sp
    startup_stm32f103xe.o(RESET) refers to startup_stm32f103xe.o(.text) for Reset_Handler
    startup_stm32f103xe.o(RESET) refers to stm32f1xx_it.o(i.NMI_Handler) for NMI_Handler
    startup_stm32f103xe.o(RESET) refers to stm32f1xx_it.o(i.HardFault_Handler) for HardFault_Handler
    startup_stm32f103xe.o(RESET) refers to stm32f1xx_it.o(i.MemManage_Handler) for MemManage_Handler
    startup_stm32f103xe.o(RESET) refers to stm32f1xx_it.o(i.BusFault_Handler) for BusFault_Handler
    startup_stm32f103xe.o(RESET) refers to stm32f1xx_it.o(i.UsageFault_Handler) for UsageFault_Handler
    startup_stm32f103xe.o(RESET) refers to stm32f1xx_it.o(i.SVC_Handler) for SVC_Handler
    startup_stm32f103xe.o(RESET) refers to stm32f1xx_it.o(i.DebugMon_Handler) for DebugMon_Handler
    startup_stm32f103xe.o(RESET) refers to stm32f1xx_it.o(i.PendSV_Handler) for PendSV_Handler
    startup_stm32f103xe.o(RESET) refers to stm32f1xx_it.o(i.SysTick_Handler) for SysTick_Handler
    startup_stm32f103xe.o(RESET) refers to stm32f1xx_it.o(i.EXTI2_IRQHandler) for EXTI2_IRQHandler
    startup_stm32f103xe.o(RESET) refers to stm32f1xx_it.o(i.EXTI4_IRQHandler) for EXTI4_IRQHandler
    startup_stm32f103xe.o(RESET) refers to stm32f1xx_it.o(i.DMA1_Channel1_IRQHandler) for DMA1_Channel1_IRQHandler
    startup_stm32f103xe.o(RESET) refers to stm32f1xx_it.o(i.DMA1_Channel5_IRQHandler) for DMA1_Channel5_IRQHandler
    startup_stm32f103xe.o(RESET) refers to stm32f1xx_it.o(i.EXTI9_5_IRQHandler) for EXTI9_5_IRQHandler
    startup_stm32f103xe.o(RESET) refers to stm32f1xx_it.o(i.TIM4_IRQHandler) for TIM4_IRQHandler
    startup_stm32f103xe.o(RESET) refers to stm32f1xx_it.o(i.USART1_IRQHandler) for USART1_IRQHandler
    startup_stm32f103xe.o(RESET) refers to stm32f1xx_it.o(i.EXTI15_10_IRQHandler) for EXTI15_10_IRQHandler
    startup_stm32f103xe.o(RESET) refers to stm32f1xx_it.o(i.UART4_IRQHandler) for UART4_IRQHandler
    startup_stm32f103xe.o(.text) refers to system_stm32f1xx.o(i.SystemInit) for SystemInit
    startup_stm32f103xe.o(.text) refers to entry.o(.ARM.Collect$$$$00000000) for __main
    main.o(i.SystemClock_Config) refers to memseta.o(.text) for __aeabi_memclr4
    main.o(i.SystemClock_Config) refers to stm32f1xx_hal_rcc.o(i.HAL_RCC_OscConfig) for HAL_RCC_OscConfig
    main.o(i.SystemClock_Config) refers to stm32f1xx_hal_rcc.o(i.HAL_RCC_ClockConfig) for HAL_RCC_ClockConfig
    main.o(i.SystemClock_Config) refers to stm32f1xx_hal_rcc_ex.o(i.HAL_RCCEx_PeriphCLKConfig) for HAL_RCCEx_PeriphCLKConfig
    main.o(i.main) refers to stm32f1xx_hal.o(i.HAL_Init) for HAL_Init
    main.o(i.main) refers to main.o(i.SystemClock_Config) for SystemClock_Config
    main.o(i.main) refers to gpio.o(i.MX_GPIO_Init) for MX_GPIO_Init
    main.o(i.main) refers to dma.o(i.MX_DMA_Init) for MX_DMA_Init
    main.o(i.main) refers to adc.o(i.MX_ADC1_Init) for MX_ADC1_Init
    main.o(i.main) refers to i2c.o(i.MX_I2C1_Init) for MX_I2C1_Init
    main.o(i.main) refers to i2c.o(i.MX_I2C2_Init) for MX_I2C2_Init
    main.o(i.main) refers to tim.o(i.MX_TIM3_Init) for MX_TIM3_Init
    main.o(i.main) refers to tim.o(i.MX_TIM4_Init) for MX_TIM4_Init
    main.o(i.main) refers to tim.o(i.MX_TIM5_Init) for MX_TIM5_Init
    main.o(i.main) refers to tim.o(i.MX_TIM8_Init) for MX_TIM8_Init
    main.o(i.main) refers to usart.o(i.MX_USART1_UART_Init) for MX_USART1_UART_Init
    main.o(i.main) refers to spi.o(i.MX_SPI1_Init) for MX_SPI1_Init
    main.o(i.main) refers to spi.o(i.MX_SPI2_Init) for MX_SPI2_Init
    main.o(i.main) refers to tim.o(i.MX_TIM1_Init) for MX_TIM1_Init
    main.o(i.main) refers to tim.o(i.MX_TIM2_Init) for MX_TIM2_Init
    main.o(i.main) refers to usart.o(i.MX_UART4_Init) for MX_UART4_Init
    main.o(i.main) refers to system.o(i.system_init) for system_init
    main.o(i.main) refers to stm32f1xx_hal_tim.o(i.HAL_TIM_PWM_Start) for HAL_TIM_PWM_Start
    main.o(i.main) refers to task_dispose.o(i.Task_polling) for Task_polling
    main.o(i.main) refers to tim.o(.bss) for htim5
    gpio.o(i.MX_GPIO_Init) refers to stm32f1xx_hal_gpio.o(i.HAL_GPIO_WritePin) for HAL_GPIO_WritePin
    gpio.o(i.MX_GPIO_Init) refers to stm32f1xx_hal_gpio.o(i.HAL_GPIO_Init) for HAL_GPIO_Init
    gpio.o(i.MX_GPIO_Init) refers to stm32f1xx_hal_cortex.o(i.HAL_NVIC_SetPriority) for HAL_NVIC_SetPriority
    gpio.o(i.MX_GPIO_Init) refers to stm32f1xx_hal_cortex.o(i.HAL_NVIC_EnableIRQ) for HAL_NVIC_EnableIRQ
    adc.o(i.GET_BAT_VOL) refers to ffltui.o(.text) for __aeabi_ui2f
    adc.o(i.GET_BAT_VOL) refers to fadd.o(.text) for __aeabi_fadd
    adc.o(i.GET_BAT_VOL) refers to fdiv.o(.text) for __aeabi_fdiv
    adc.o(i.GET_BAT_VOL) refers to f2d.o(.text) for __aeabi_f2d
    adc.o(i.GET_BAT_VOL) refers to dmul.o(.text) for __aeabi_dmul
[...]
    _ll_sshift_r                             0x080007d1   Thumb Code     0  llsshr.o(.text)
    __I$use$fp                               0x080007f5   Thumb Code     0  iusefp.o(.text)
    _float_round                             0x080007f5   Thumb Code    18  fepilogue.o(.text)
    _float_epilogue                          0x08000807   Thumb Code    92  fepilogue.o(.text)
    _double_round                            0x08000863   Thumb Code    30  depilogue.o(.text)
    _double_epilogue                         0x08000881   Thumb Code   156  depilogue.o(.text)
    __aeabi_ddiv                             0x0800091d   Thumb Code   222  ddiv.o(.text)
    __ARM_scalbn                             0x080009fb   Thumb Code    46  dscalb.o(.text)
    scalbn                                   0x080009fb   Thumb Code     0  dscalb.o(.text)
    __aeabi_d2ulz                            0x08000a29   Thumb Code    48  dfixul.o(.text)
    __aeabi_cdrcmple                         0x08000a59   Thumb Code    48  cdrcmple.o(.text)
    __scatterload                            0x08000a89   Thumb Code    28  init.o(.text)
    __scatterload_rt2                        0x08000a89   Thumb Code     0  init.o(.text)
    _dsqrt                                   0x08000aad   Thumb Code   162  dsqrt.o(.text)
    __decompress                             0x08000b4f   Thumb Code     0  __dczerorl2.o(.text)
    __decompress1                            0x08000b4f   Thumb Code    86  __dczerorl2.o(.text)
    ADC_ConversionStop_Disable               0x08000ba5   Thumb Code    76  stm32f1xx_hal_adc.o(i.ADC_ConversionStop_Disable)
    BusFault_Handler                         0x08000bf1   Thumb Code     2  stm32f1xx_it.o(i.BusFault_Handler)
    DMA1_Channel1_IRQHandler                 0x08000bf5   Thumb Code     6  stm32f1xx_it.o(i.DMA1_Channel1_IRQHandler)
    DMA1_Channel5_IRQHandler                 0x08000c01   Thumb Code     6  stm32f1xx_it.o(i.DMA1_Channel5_IRQHandler)
    DebugMon_Handler                         0x08000c0d   Thumb Code     2  stm32f1xx_it.o(i.DebugMon_Handler)
    DefaultParams                            0x08000c11   Thumb Code    74  paramsave.o(i.DefaultParams)
    DefaultParams_WriteFlash                 0x08000c61   Thumb Code    30  paramsave.o(i.DefaultParams_WriteFlash)
    EXTI15_10_IRQHandler                     0x08000c95   Thumb Code    22  stm32f1xx_it.o(i.EXTI15_10_IRQHandler)
    EXTI2_IRQHandler                         0x08000cab   Thumb Code     6  stm32f1xx_it.o(i.EXTI2_IRQHandler)
    EXTI4_IRQHandler                         0x08000cb1   Thumb Code     6  stm32f1xx_it.o(i.EXTI4_IRQHandler)
    EXTI9_5_IRQHandler                       0x08000cb7   Thumb Code    18  stm32f1xx_it.o(i.EXTI9_5_IRQHandler)
    Error_Handler                            0x08000cc9   Thumb Code     2  main.o(i.Error_Handler)
    FLASH_ErasePage                          0x08000ccd   Thumb Code    50  flash.o(i.FLASH_ErasePage)
    FLASH_PageErase                          0x08000d61   Thumb Code    28  stm32f1xx_hal_flash_ex.o(i.FLASH_PageErase)
    FLASH_WaitForLastOperation               0x08000dfd   Thumb Code    80  stm32f1xx_hal_flash.o(i.FLASH_WaitForLastOperation)
    FindPos                                  0x08000e51   Thumb Code    88  filter.o(i.FindPos)
    Get_CaptureNumber                        0x08000ea9   Thumb Code   194  control.o(i.Get_CaptureNumber)
    HAL_ADC_ConfigChannel                    0x08000f8d   Thumb Code   240  stm32f1xx_hal_adc.o(i.HAL_ADC_ConfigChannel)
    HAL_ADC_Init                             0x08001089   Thumb Code   272  stm32f1xx_hal_adc.o(i.HAL_ADC_Init)
    HAL_ADC_MspInit                          0x080011a9   Thumb Code   122  adc.o(i.HAL_ADC_MspInit)
    HAL_DMA_Abort_IT                         0x08001239   Thumb Code   296  stm32f1xx_hal_dma.o(i.HAL_DMA_Abort_IT)
    HAL_DMA_IRQHandler                       0x08001369   Thumb Code   552  stm32f1xx_hal_dma.o(i.HAL_DMA_IRQHandler)
    HAL_DMA_Init                             0x080015b1   Thumb Code   112  stm32f1xx_hal_dma.o(i.HAL_DMA_Init)
    HAL_Delay                                0x0800162d   Thumb Code    32  stm32f1xx_hal.o(i.HAL_Delay)
    HAL_FLASHEx_Erase                        0x08001651   Thumb Code   166  stm32f1xx_hal_flash_ex.o(i.HAL_FLASHEx_Erase)
    HAL_FLASH_Lock                           0x08001701   Thumb Code    14  stm32f1xx_hal_flash.o(i.HAL_FLASH_Lock)
    HAL_FLASH_Program                        0x08001715   Thumb Code   120  stm32f1xx_hal_flash.o(i.HAL_FLASH_Program)
    HAL_FLASH_Unlock                         0x08001795   Thumb Code    28  stm32f1xx_hal_flash.o(i.HAL_FLASH_Unlock)
    HAL_GPIO_EXTI_Callback                   0x080017bd   Thumb Code    82  exti.o(i.HAL_GPIO_EXTI_Callback)
    HAL_GPIO_EXTI_IRQHandler                 0x0800181d   Thumb Code    18  stm32f1xx_hal_gpio.o(i.HAL_GPIO_EXTI_IRQHandler)
    HAL_GPIO_Init                            0x08001835   Thumb Code   462  stm32f1xx_hal_gpio.o(i.HAL_GPIO_Init)
    HAL_GPIO_TogglePin                       0x08001a2d   Thumb Code    16  stm32f1xx_hal_gpio.o(i.HAL_GPIO_TogglePin)
    HAL_GPIO_WritePin                        0x08001a3d   Thumb Code    10  stm32f1xx_hal_gpio.o(i.HAL_GPIO_WritePin)
    HAL_GetTick                              0x08001a49   Thumb Code     6  stm32f1xx_hal.o(i.HAL_GetTick)
    HAL_I2C_Init                             0x08001a55   Thumb Code   376  stm32f1xx_hal_i2c.o(i.HAL_I2C_Init)
    HAL_I2C_Mem_Read                         0x08001bdd   Thumb Code   574  stm32f1xx_hal_i2c.o(i.HAL_I2C_Mem_Read)
    HAL_I2C_Mem_Write                        0x08001e2d   Thumb Code   294  stm32f1xx_hal_i2c.o(i.HAL_I2C_Mem_Write)
    HAL_I2C_MspInit                          0x08001f5d   Thumb Code   148  i2c.o(i.HAL_I2C_MspInit)
    HAL_IncTick                              0x08002005   Thumb Code    12  stm32f1xx_hal.o(i.HAL_IncTick)
    HAL_Init                                 0x08002015   Thumb Code    32  stm32f1xx_hal.o(i.HAL_Init)
    HAL_InitTick                             0x08002039   Thumb Code    54  stm32f1xx_hal.o(i.HAL_InitTick)
    HAL_MspInit                              0x08002079   Thumb Code    58  stm32f1xx_hal_msp.o(i.HAL_MspInit)
    HAL_NVIC_EnableIRQ                       0x080020bd   Thumb Code    26  stm32f1xx_hal_cortex.o(i.HAL_NVIC_EnableIRQ)
    HAL_NVIC_SetPriority                     0x080020d9   Thumb Code    60  stm32f1xx_hal_cortex.o(i.HAL_NVIC_SetPriority)
    HAL_NVIC_SetPriorityGrouping             0x08002119   Thumb Code    26  stm32f1xx_hal_cortex.o(i.HAL_NVIC_SetPriorityGrouping)
    HAL_RCCEx_PeriphCLKConfig                0x0800213d   Thumb Code   224  stm32f1xx_hal_rcc_ex.o(i.HAL_RCCEx_PeriphCLKConfig)
    HAL_RCC_ClockConfig                      0x08002229   Thumb Code   280  stm32f1xx_hal_rcc.o(i.HAL_RCC_ClockConfig)
    HAL_RCC_GetPCLK1Freq                     0x08002355   Thumb Code    20  stm32f1xx_hal_rcc.o(i.HAL_RCC_GetPCLK1Freq)
    HAL_RCC_GetPCLK2Freq                     0x08002375   Thumb Code    20  stm32f1xx_hal_rcc.o(i.HAL_RCC_GetPCLK2Freq)
    HAL_RCC_GetSysClockFreq                  0x08002395   Thumb Code    74  stm32f1xx_hal_rcc.o(i.HAL_RCC_GetSysClockFreq)
    HAL_RCC_OscConfig                        0x08002401   Thumb Code   778  stm32f1xx_hal_rcc.o(i.HAL_RCC_OscConfig)
    HAL_SPI_Init                             0x08002721   Thumb Code   178  stm32f1xx_hal_spi.o(i.HAL_SPI_Init)
    HAL_SPI_MspInit                          0x080027d5   Thumb Code   204  spi.o(i.HAL_SPI_MspInit)
    HAL_SYSTICK_Callback                     0x080028bd   Thumb Code     4  exti.o(i.HAL_SYSTICK_Callback)
    HAL_SYSTICK_Config                       0x080028c1   Thumb Code    40  stm32f1xx_hal_cortex.o(i.HAL_SYSTICK_Config)
    HAL_SYSTICK_IRQHandler                   0x080028e9   Thumb Code     8  stm32f1xx_hal_cortex.o(i.HAL_SYSTICK_IRQHandler)
    HAL_TIMEx_BreakCallback                  0x080028f1   Thumb Code     2  stm32f1xx_hal_tim_ex.o(i.HAL_TIMEx_BreakCallback)
    HAL_TIMEx_CommutCallback                 0x080028f3   Thumb Code     2  stm32f1xx_hal_tim_ex.o(i.HAL_TIMEx_CommutCallback)
    HAL_TIMEx_MasterConfigSynchronization    0x080028f5   Thumb Code   104  stm32f1xx_hal_tim_ex.o(i.HAL_TIMEx_MasterConfigSynchronization)
    HAL_TIM_Base_Init                        0x08002971   Thumb Code    90  stm32f1xx_hal_tim.o(i.HAL_TIM_Base_Init)
    HAL_TIM_Base_MspInit                     0x080029cd   Thumb Code    96  tim.o(i.HAL_TIM_Base_MspInit)
    HAL_TIM_ConfigClockSource                0x08002a41   Thumb Code   214  stm32f1xx_hal_tim.o(i.HAL_TIM_ConfigClockSource)
    HAL_TIM_Encoder_Init                     0x08002b17   Thumb Code   164  stm32f1xx_hal_tim.o(i.HAL_TIM_Encoder_Init)
    HAL_TIM_Encoder_MspInit                  0x08002bbd   Thumb Code   144  tim.o(i.HAL_TIM_Encoder_MspInit)
    HAL_TIM_Encoder_Start                    0x08002c5d   Thumb Code   142  stm32f1xx_hal_tim.o(i.HAL_TIM_Encoder_Start)
    HAL_TIM_IC_CaptureCallback               0x08002ceb   Thumb Code     2  stm32f1xx_hal_tim.o(i.HAL_TIM_IC_CaptureCallback)
    HAL_TIM_IRQHandler                       0x08002ced   Thumb Code   358  stm32f1xx_hal_tim.o(i.HAL_TIM_IRQHandler)
    HAL_TIM_MspPostInit                      0x08002e55   Thumb Code   120  tim.o(i.HAL_TIM_MspPostInit)
    HAL_TIM_OC_DelayElapsedCallback          0x08002ee5   Thumb Code     2  stm32f1xx_hal_tim.o(i.HAL_TIM_OC_DelayElapsedCallback)
    HAL_TIM_PWM_ConfigChannel                0x08002ee7   Thumb Code   198  stm32f1xx_hal_tim.o(i.HAL_TIM_PWM_ConfigChannel)
    HAL_TIM_PWM_Init                         0x08002fad   Thumb Code    90  stm32f1xx_hal_tim.o(i.HAL_TIM_PWM_Init)
    HAL_TIM_PWM_MspInit                      0x08003007   Thumb Code     2  stm32f1xx_hal_tim.o(i.HAL_TIM_PWM_MspInit)
    HAL_TIM_PWM_PulseFinishedCallback        0x08003009   Thumb Code     2  stm32f1xx_hal_tim.o(i.HAL_TIM_PWM_PulseFinishedCallback)
    HAL_TIM_PWM_Start                        0x0800300d   Thumb Code   160  stm32f1xx_hal_tim.o(i.HAL_TIM_PWM_Start)
    HAL_TIM_PeriodElapsedCallback            0x080030c1   Thumb Code     2  stm32f1xx_hal_tim.o(i.HAL_TIM_PeriodElapsedCallback)
    HAL_TIM_TriggerCallback                  0x080030c3   Thumb Code     2  stm32f1xx_hal_tim.o(i.HAL_TIM_TriggerCallback)
    HAL_UART_ErrorCallback                   0x080030c5   Thumb Code     2  stm32f1xx_hal_uart.o(i.HAL_UART_ErrorCallback)
    HAL_UART_IRQHandler                      0x080030c9   Thumb Code   344  stm32f1xx_hal_uart.o(i.HAL_UART_IRQHandler)
    HAL_UART_Init                            0x08003225   Thumb Code    98  stm32f1xx_hal_uart.o(i.HAL_UART_Init)
    HAL_UART_MspInit                         0x08003289   Thumb Code   198  usart.o(i.HAL_UART_MspInit)
    HAL_UART_Receive_IT                      0x08003365   Thumb Code    82  stm32f1xx_hal_uart.o(i.HAL_UART_Receive_IT)
    HAL_UART_RxCpltCallback                  0x080033b9   Thumb Code    44  exti.o(i.HAL_UART_RxCpltCallback)
    HAL_UART_Transmit                        0x08003401   Thumb Code   178  stm32f1xx_hal_uart.o(i.HAL_UART_Transmit)
    HAL_UART_TxCpltCallback                  0x080034b3   Thumb Code     2  stm32f1xx_hal_uart.o(i.HAL_UART_TxCpltCallback)
    HardFault_Handler                        0x080034b5   Thumb Code     2  stm32f1xx_it.o(i.HardFault_Handler)
    Limiting                                 0x08003885   Thumb Code    54  control.o(i.Limiting)
    MX_ADC1_Init                             0x080038bd   Thumb Code   118  adc.o(i.MX_ADC1_Init)
    MX_DMA_Init                              0x0800393d   Thumb Code    56  dma.o(i.MX_DMA_Init)
    MX_GPIO_Init                             0x08003979   Thumb Code   388  gpio.o(i.MX_GPIO_Init)
    MX_I2C1_Init                             0x08003b19   Thumb Code    50  i2c.o(i.MX_I2C1_Init)
    MX_I2C2_Init                             0x08003b59   Thumb Code    50  i2c.o(i.MX_I2C2_Init)
    MX_SPI1_Init                             0x08003b99   Thumb Code    62  spi.o(i.MX_SPI1_Init)
    MX_SPI2_Init                             0x08003be1   Thumb Code    62  spi.o(i.MX_SPI2_Init)
    MX_TIM1_Init                             0x08003c29   Thumb Code    94  tim.o(i.MX_TIM1_Init)
    MX_TIM2_Init                             0x08003c91   Thumb Code   102  tim.o(i.MX_TIM2_Init)
    MX_TIM3_Init                             0x08003cfd   Thumb Code   194  tim.o(i.MX_TIM3_Init)
    MX_TIM4_Init                             0x08003dc9   Thumb Code   100  tim.o(i.MX_TIM4_Init)
    MX_TIM5_Init                             0x08003e35   Thumb Code   162  tim.o(i.MX_TIM5_Init)
    MX_TIM8_Init                             0x08003ee1   Thumb Code   100  tim.o(i.MX_TIM8_Init)
    MX_UART4_Init                            0x08003f4d   Thumb Code    48  usart.o(i.MX_UART4_Init)
    MX_USART1_UART_Init                      0x08003f85   Thumb Code    46  usart.o(i.MX_USART1_UART_Init)
    MemManage_Handler                        0x08003fc1   Thumb Code     2  stm32f1xx_it.o(i.MemManage_Handler)
    MoniI2c_ReadSomeDataFromSlave            0x08003fc5   Thumb Code    30  i2c.o(i.MoniI2c_ReadSomeDataFromSlave)
    MoniI2c_WriteSomeDataToSlave             0x08003fe9   Thumb Code    30  i2c.o(i.MoniI2c_WriteSomeDataToSlave)
    NMI_Handler                              0x0800400d   Thumb Code     2  stm32f1xx_it.o(i.NMI_Handler)
    PID_Postion_Cal                          0x08004011   Thumb Code   198  pid.o(i.PID_Postion_Cal)
    PID_ReadFlash                            0x080040dd   Thumb Code  1624  paramsave.o(i.PID_ReadFlash)
    PendSV_Handler                           0x080047cd   Thumb Code     2  stm32f1xx_it.o(i.PendSV_Handler)
    QuiteSort                                0x080047cf   Thumb Code    46  filter.o(i.QuiteSort)
    STMFLASH_Read                            0x080047fd   Thumb Code    20  flash.o(i.STMFLASH_Read)
    STMFLASH_Write                           0x08004811   Thumb Code   112  flash.o(i.STMFLASH_Write)
    SVC_Handler                              0x08004895   Thumb Code     2  stm32f1xx_it.o(i.SVC_Handler)
    SortAver_Filter                          0x08004899   Thumb Code   120  filter.o(i.SortAver_Filter)
    SysTick_Handler                          0x08004919   Thumb Code    14  stm32f1xx_it.o(i.SysTick_Handler)
    SystemClock_Config                       0x08004927   Thumb Code    98  main.o(i.SystemClock_Config)
    SystemInit                               0x08004989   Thumb Code     2  system_stm32f1xx.o(i.SystemInit)
    TIM4_IRQHandler                          0x0800498d   Thumb Code     6  stm32f1xx_it.o(i.TIM4_IRQHandler)
    TIM_Base_SetConfig                       0x08004999   Thumb Code   120  stm32f1xx_hal_tim.o(i.TIM_Base_SetConfig)
    TIM_CCxChannelCmd                        0x08004a25   Thumb Code    26  stm32f1xx_hal_tim.o(i.TIM_CCxChannelCmd)
    TIM_ETR_SetConfig                        0x08004a3f   Thumb Code    20  stm32f1xx_hal_tim.o(i.TIM_ETR_SetConfig)
    TIM_OC2_SetConfig                        0x08004ac5   Thumb Code    98  stm32f1xx_hal_tim.o(i.TIM_OC2_SetConfig)
    TableToParams                            0x08004c31   Thumb Code   448  paramsave.o(i.TableToParams)
    Task_polling                             0x08004e21   Thumb Code    28  task_dispose.o(i.Task_polling)
    UART4_IRQHandler                         0x08004e45   Thumb Code     6  stm32f1xx_it.o(i.UART4_IRQHandler)
    USART1_IRQHandler                        0x08005025   Thumb Code     6  stm32f1xx_it.o(i.USART1_IRQHandler)
    UsageFault_Handler                       0x08005031   Thumb Code     2  stm32f1xx_it.o(i.UsageFault_Handler)
    WS2812BFX_HSVtoRGB                       0x08005033   Thumb Code   156  ws2812b_fx.o(i.WS2812BFX_HSVtoRGB)
    WS2812BFX_RGBtoHSV                       0x080050cf   Thumb Code   162  ws2812b_fx.o(i.WS2812BFX_RGBtoHSV)
    WS2812BFX_SetAll                         0x08005171   Thumb Code    80  ws2812b_fx.o(i.WS2812BFX_SetAll)
    WS2812BFX_SetAllRGB                      0x080051c5   Thumb Code    84  ws2812b_fx.o(i.WS2812BFX_SetAllRGB)
    WS2812BFX_SysTickCallback                0x0800521d   Thumb Code    42  ws2812b_fx.o(i.WS2812BFX_SysTickCallback)
    WS2812B_GetColor                         0x0800524d   Thumb Code    28  ws2812b.o(i.WS2812B_GetColor)
    WS2812B_GetPixels                        0x0800526d   Thumb Code     4  ws2812b.o(i.WS2812B_GetPixels)
    WS2812B_SetDiodeColor                    0x08005275   Thumb Code    24  ws2812b.o(i.WS2812B_SetDiodeColor)
    WS2812B_SetDiodeColorStruct              0x08005291   Thumb Code    28  ws2812b.o(i.WS2812B_SetDiodeColorStruct)
    WS2812B_SetDiodeRGB                      0x080052b1   Thumb Code    22  ws2812b.o(i.WS2812B_SetDiodeRGB)
    __0printf                                0x080052cd   Thumb Code    22  printfa.o(i.__0printf)
    __1printf                                0x080052cd   Thumb Code     0  printfa.o(i.__0printf)
    __2printf                                0x080052cd   Thumb Code     0  printfa.o(i.__0printf)
    __c89printf                              0x080052cd   Thumb Code     0  printfa.o(i.__0printf)
    printf                                   0x080052cd   Thumb Code     0  printfa.o(i.__0printf)
    __ARM_fpclassify                         0x080052ed   Thumb Code    40  fpclassify.o(i.__ARM_fpclassify)
    __kernel_poly                            0x08005335   Thumb Code   170  poly.o(i.__kernel_poly)
    __mathlib_dbl_infnan                     0x080053df   Thumb Code     6  dunder.o(i.__mathlib_dbl_infnan)
    __mathlib_dbl_infnan2                    0x080053e5   Thumb Code     4  dunder.o(i.__mathlib_dbl_infnan2)
    __mathlib_dbl_invalid                    0x080053e9   Thumb Code    12  dunder.o(i.__mathlib_dbl_invalid)
    __mathlib_dbl_underflow                  0x080053f5   Thumb Code    10  dunder.o(i.__mathlib_dbl_underflow)
    __scatterload_copy                       0x08005405   Thumb Code    14  handlers.o(i.__scatterload_copy)
    __scatterload_null                       0x08005413   Thumb Code     2  handlers.o(i.__scatterload_null)
    __scatterload_zeroinit                   0x08005415   Thumb Code    14  handlers.o(i.__scatterload_zeroinit)
    __set_errno                              0x08005425   Thumb Code     6  errno.o(i.__set_errno)
    asin                                     0x08005d65   Thumb Code   572  asin.o(i.asin)
    atan                                     0x08005fd5   Thumb Code   474  atan.o(i.atan)
    atan2                                    0x080061f5   Thumb Code   346  atan2.o(i.atan2)
    blink                                    0x08006375   Thumb Code    76  ws2812b_fx.o(i.blink)
    chase                                    0x080063c5   Thumb Code   252  ws2812b_fx.o(i.chase)
    color_blend                              0x080064c5   Thumb Code   118  ws2812b_fx.o(i.color_blend)
    color_wheel                              0x0800653b   Thumb Code    70  ws2812b_fx.o(i.color_wheel)
    color_wipe                               0x08006581   Thumb Code   128  ws2812b_fx.o(i.color_wipe)
    cubic_control                            0x08006605   Thumb Code    56  control.o(i.cubic_control)
    dmp_enable_6x_lp_quat                    0x08006651   Thumb Code    58  inv_mpu_dmp_motion_driver.o(i.dmp_enable_6x_lp_quat)
    dmp_enable_feature                       0x0800668d   Thumb Code   464  inv_mpu_dmp_motion_driver.o(i.dmp_enable_feature)
    dmp_enable_gyro_cal                      0x08006865   Thumb Code    34  inv_mpu_dmp_motion_driver.o(i.dmp_enable_gyro_cal)
    dmp_enable_lp_quat                       0x080068a1   Thumb Code    58  inv_mpu_dmp_motion_driver.o(i.dmp_enable_lp_quat)
    dmp_getdata                              0x080068dd   Thumb Code   442  mpu_dmp_useapi.o(i.dmp_getdata)
    dmp_load_motion_driver_firmware          0x08006aa5   Thumb Code    16  inv_mpu_dmp_motion_driver.o(i.dmp_load_motion_driver_firmware)
    dmp_read_fifo                            0x08006ab9   Thumb Code   320  inv_mpu_dmp_motion_driver.o(i.dmp_read_fifo)
    dmp_set_accel_bias                       0x08006bfd   Thumb Code   210  inv_mpu_dmp_motion_driver.o(i.dmp_set_accel_bias)
    dmp_set_fifo_rate                        0x08006cd5   Thumb Code    82  inv_mpu_dmp_motion_driver.o(i.dmp_set_fifo_rate)
    dmp_set_gyro_bias                        0x08006d39   Thumb Code   196  inv_mpu_dmp_motion_driver.o(i.dmp_set_gyro_bias)
    dmp_set_orientation                      0x08006e05   Thumb Code   246  inv_mpu_dmp_motion_driver.o(i.dmp_set_orientation)
    dmp_set_shake_reject_thresh              0x08006f11   Thumb Code    48  inv_mpu_dmp_motion_driver.o(i.dmp_set_shake_reject_thresh)
    dmp_set_shake_reject_time                0x08006f41   Thumb Code    32  inv_mpu_dmp_motion_driver.o(i.dmp_set_shake_reject_time)
    dmp_set_shake_reject_timeout             0x08006f61   Thumb Code    32  inv_mpu_dmp_motion_driver.o(i.dmp_set_shake_reject_timeout)
    dmp_set_tap_axes                         0x08006f81   Thumb Code    64  inv_mpu_dmp_motion_driver.o(i.dmp_set_tap_axes)
    dmp_set_tap_count                        0x08006fc1   Thumb Code    34  inv_mpu_dmp_motion_driver.o(i.dmp_set_tap_count)
    dmp_set_tap_thresh                       0x08006fe5   Thumb Code   274  inv_mpu_dmp_motion_driver.o(i.dmp_set_tap_thresh)
    dmp_set_tap_time                         0x0800710d   Thumb Code    32  inv_mpu_dmp_motion_driver.o(i.dmp_set_tap_time)
    dmp_set_tap_time_multi                   0x0800712d   Thumb Code    32  inv_mpu_dmp_motion_driver.o(i.dmp_set_tap_time_multi)
    fade_out                                 0x0800714d   Thumb Code   230  ws2812b_fx.o(i.fade_out)
    fire_flicker                             0x0800723d   Thumb Code   166  ws2812b_fx.o(i.fire_flicker)
    fireworks                                0x080072e9   Thumb Code   270  ws2812b_fx.o(i.fireworks)
    fputc                                    0x080073fd   Thumb Code    24  usart.o(i.fputc)
    get_ms                                   0x080074c5   Thumb Code     2  inv_mpu.o(i.get_ms)
    get_random_wheel_index                   0x080074c7   Thumb Code    36  ws2812b_fx.o(i.get_random_wheel_index)
    inv_orientation_matrix_to_scalar         0x080078d9   Thumb Code    34  mpu_dmp_useapi.o(i.inv_orientation_matrix_to_scalar)
    inv_row_2_scale                          0x080078fb   Thumb Code    72  mpu_dmp_useapi.o(i.inv_row_2_scale)
    main                                     0x08007945   Thumb Code    94  main.o(i.main)
    mode_bicolor_chase                       0x080079a9   Thumb Code    22  ws2812b_fx.o(i.mode_bicolor_chase)
    mode_black_to_color                      0x080079c5   Thumb Code     6  ws2812b_fx.o(i.mode_black_to_color)
    mode_blink                               0x080079cd   Thumb Code    24  ws2812b_fx.o(i.mode_blink)
    mode_blink_rainbow                       0x080079e9   Thumb Code    46  ws2812b_fx.o(i.mode_blink_rainbow)
    mode_breath                              0x08007a1d   Thumb Code   168  ws2812b_fx.o(i.mode_breath)
    mode_chase_blackout                      0x08007ac9   Thumb Code    24  ws2812b_fx.o(i.mode_chase_blackout)
    mode_chase_blackout_rainbow              0x08007ae5   Thumb Code    60  ws2812b_fx.o(i.mode_chase_blackout_rainbow)
    mode_chase_color                         0x08007b25   Thumb Code    26  ws2812b_fx.o(i.mode_chase_color)
    mode_chase_flash                         0x08007b45   Thumb Code   228  ws2812b_fx.o(i.mode_chase_flash)
    mode_chase_flash_random                  0x08007c2d   Thumb Code   310  ws2812b_fx.o(i.mode_chase_flash_random)
    mode_chase_rainbow                       0x08007d69   Thumb Code    62  ws2812b_fx.o(i.mode_chase_rainbow)
    mode_chase_rainbow_white                 0x08007dad   Thumb Code   110  ws2812b_fx.o(i.mode_chase_rainbow_white)
    mode_chase_random                        0x08007e21   Thumb Code    78  ws2812b_fx.o(i.mode_chase_random)
    mode_chase_white                         0x08007e75   Thumb Code    26  ws2812b_fx.o(i.mode_chase_white)
    mode_circus_combustus                    0x08007e95   Thumb Code    14  ws2812b_fx.o(i.mode_circus_combustus)
    mode_color_sweep_random                  0x08007ea5   Thumb Code    92  ws2812b_fx.o(i.mode_color_sweep_random)
    mode_color_wipe                          0x08007f05   Thumb Code    24  ws2812b_fx.o(i.mode_color_wipe)
    mode_color_wipe_inv                      0x08007f21   Thumb Code    24  ws2812b_fx.o(i.mode_color_wipe_inv)
    mode_color_wipe_random                   0x08007f3d   Thumb Code   108  ws2812b_fx.o(i.mode_color_wipe_random)
    mode_color_wipe_rev                      0x08007fad   Thumb Code    24  ws2812b_fx.o(i.mode_color_wipe_rev)
    mode_color_wipe_rev_inv                  0x08007fc9   Thumb Code    24  ws2812b_fx.o(i.mode_color_wipe_rev_inv)
    mode_comet                               0x08007fe5   Thumb Code   100  ws2812b_fx.o(i.mode_comet)
    mode_dual_scan                           0x0800804d   Thumb Code   180  ws2812b_fx.o(i.mode_dual_scan)
    mode_fade                                0x08008105   Thumb Code   142  ws2812b_fx.o(i.mode_fade)
    mode_fire_flicker                        0x08008199   Thumb Code     6  ws2812b_fx.o(i.mode_fire_flicker)
    mode_fire_flicker_intense                0x0800819f   Thumb Code     6  ws2812b_fx.o(i.mode_fire_flicker_intense)
    mode_fire_flicker_soft                   0x080081a5   Thumb Code     6  ws2812b_fx.o(i.mode_fire_flicker_soft)
    mode_fireworks                           0x080081ad   Thumb Code    20  ws2812b_fx.o(i.mode_fireworks)
    mode_fireworks_random                    0x080081c5   Thumb Code    20  ws2812b_fx.o(i.mode_fireworks_random)
    mode_flash_sparkle                       0x080081d9   Thumb Code   188  ws2812b_fx.o(i.mode_flash_sparkle)
    mode_halloween                           0x08008299   Thumb Code     8  ws2812b_fx.o(i.mode_halloween)
    mode_hyper_sparkle                       0x080082a9   Thumb Code   192  ws2812b_fx.o(i.mode_hyper_sparkle)
    mode_icu                                 0x0800836d   Thumb Code   440  ws2812b_fx.o(i.mode_icu)
    mode_larson_scanner                      0x08008529   Thumb Code   170  ws2812b_fx.o(i.mode_larson_scanner)
    mode_merry_christmas                     0x080085d9   Thumb Code    10  ws2812b_fx.o(i.mode_merry_christmas)
    mode_multi_dynamic                       0x080085e5   Thumb Code    78  ws2812b_fx.o(i.mode_multi_dynamic)
    mode_multi_strobe                        0x08008639   Thumb Code   194  ws2812b_fx.o(i.mode_multi_strobe)
    mode_rainbow                             0x08008701   Thumb Code   108  ws2812b_fx.o(i.mode_rainbow)
    mode_rainbow_cycle                       0x08008771   Thumb Code   112  ws2812b_fx.o(i.mode_rainbow_cycle)
    mode_random_color                        0x080087e5   Thumb Code    72  ws2812b_fx.o(i.mode_random_color)
    mode_running_color                       0x08008831   Thumb Code    24  ws2812b_fx.o(i.mode_running_color)
    mode_running_lights                      0x0800884d   Thumb Code   240  ws2812b_fx.o(i.mode_running_lights)
    mode_running_random                      0x08008941   Thumb Code   268  ws2812b_fx.o(i.mode_running_random)
    mode_running_red_blue                    0x08008a51   Thumb Code     8  ws2812b_fx.o(i.mode_running_red_blue)
    mode_scan                                0x08008a59   Thumb Code   166  ws2812b_fx.o(i.mode_scan)
    mode_single_dynamic                      0x08008b05   Thumb Code   138  ws2812b_fx.o(i.mode_single_dynamic)
    mode_sparkle                             0x08008b95   Thumb Code   106  ws2812b_fx.o(i.mode_sparkle)
    mode_static                              0x08008c05   Thumb Code    68  ws2812b_fx.o(i.mode_static)
    mode_strobe                              0x08008c4d   Thumb Code    24  ws2812b_fx.o(i.mode_strobe)
    mode_strobe_rainbow                      0x08008c69   Thumb Code    46  ws2812b_fx.o(i.mode_strobe_rainbow)
    mode_theater_chase                       0x08008c9d   Thumb Code    22  ws2812b_fx.o(i.mode_theater_chase)
    mode_theater_chase_rainbow               0x08008cb9   Thumb Code    38  ws2812b_fx.o(i.mode_theater_chase_rainbow)
    mode_tricolor_chase                      0x08008ce5   Thumb Code    22  ws2812b_fx.o(i.mode_tricolor_chase)
    mode_twinkle                             0x08008d01   Thumb Code    22  ws2812b_fx.o(i.mode_twinkle)
    mode_twinkle_fade                        0x08008d1d   Thumb Code    20  ws2812b_fx.o(i.mode_twinkle_fade)
    mode_twinkle_fade_random                 0x08008d35   Thumb Code    20  ws2812b_fx.o(i.mode_twinkle_fade_random)
    mode_twinkle_random                      0x08008d49   Thumb Code    36  ws2812b_fx.o(i.mode_twinkle_random)
    mode_white_to_color                      0x08008d71   Thumb Code     6  ws2812b_fx.o(i.mode_white_to_color)
    mpu_configure_fifo                       0x08008d79   Thumb Code    78  inv_mpu.o(i.mpu_configure_fifo)
    mpu_dmp_init                             0x08008dcd   Thumb Code   140  mpu_dmp_useapi.o(i.mpu_dmp_init)
    mpu_get_accel_fsr                        0x08008e79   Thumb Code    54  inv_mpu.o(i.mpu_get_accel_fsr)
    mpu_get_accel_sens                       0x08008eb5   Thumb Code    62  inv_mpu.o(i.mpu_get_accel_sens)
    mpu_get_gyro_fsr                         0x08008ef9   Thumb Code    48  inv_mpu.o(i.mpu_get_gyro_fsr)
    mpu_get_gyro_sens                        0x08008f2d   Thumb Code    44  inv_mpu.o(i.mpu_get_gyro_sens)
    mpu_get_lpf                              0x08008f6d   Thumb Code    52  inv_mpu.o(i.mpu_get_lpf)
    mpu_get_sample_rate                      0x08008fa5   Thumb Code    22  inv_mpu.o(i.mpu_get_sample_rate)
    mpu_init                                 0x08008fc1   Thumb Code   310  inv_mpu.o(i.mpu_init)
    mpu_load_firmware                        0x08009149   Thumb Code   154  inv_mpu.o(i.mpu_load_firmware)
    mpu_lp_accel_mode                        0x080091e9   Thumb Code   178  inv_mpu.o(i.mpu_lp_accel_mode)
    mpu_read_fifo_stream                     0x080092a1   Thumb Code   140  inv_mpu.o(i.mpu_read_fifo_stream)
    mpu_read_mem                             0x08009331   Thumb Code    80  inv_mpu.o(i.mpu_read_mem)
    mpu_reset_fifo                           0x08009385   Thumb Code   346  inv_mpu.o(i.mpu_reset_fifo)
    mpu_run_self_test                        0x080094e5   Thumb Code   234  inv_mpu.o(i.mpu_run_self_test)
    mpu_set_accel_fsr                        0x080095d5   Thumb Code    98  inv_mpu.o(i.mpu_set_accel_fsr)
    mpu_set_bypass                           0x0800963d   Thumb Code   214  inv_mpu.o(i.mpu_set_bypass)
    mpu_set_dmp_state                        0x08009719   Thumb Code   114  inv_mpu.o(i.mpu_set_dmp_state)
    mpu_set_gyro_fsr                         0x08009791   Thumb Code   104  inv_mpu.o(i.mpu_set_gyro_fsr)
    mpu_set_int_latched                      0x080097fd   Thumb Code    94  inv_mpu.o(i.mpu_set_int_latched)
    mpu_set_lpf                              0x08009861   Thumb Code   102  inv_mpu.o(i.mpu_set_lpf)
    mpu_set_sample_rate                      0x080098cd   Thumb Code   124  inv_mpu.o(i.mpu_set_sample_rate)
    mpu_set_sensors                          0x0800994d   Thumb Code   178  inv_mpu.o(i.mpu_set_sensors)
    mpu_write_mem                            0x08009a05   Thumb Code    80  inv_mpu.o(i.mpu_write_mem)
    run_self_test                            0x08009a59   Thumb Code   112  mpu_dmp_useapi.o(i.run_self_test)
    running                                  0x08009ac9   Thumb Code   130  ws2812b_fx.o(i.running)
    sine8                                    0x08009ba9   Thumb Code     6  ws2812b.o(i.sine8)
    sqrt                                     0x08009bb5   Thumb Code    76  sqrt.o(i.sqrt)
    system_init                              0x08009c01   Thumb Code    66  system.o(i.system_init)
    theater_chase                            0x08009c69   Thumb Code   146  ws2812b_fx.o(i.theater_chase)
    to_color                                 0x08009d01   Thumb Code   258  ws2812b_fx.o(i.to_color)
    tricolor_chase                           0x08009e09   Thumb Code   154  ws2812b_fx.o(i.tricolor_chase)
    twinkle                                  0x08009ea9   Thumb Code   172  ws2812b_fx.o(i.twinkle)
    twinkle_fade                             0x08009f59   Thumb Code    90  ws2812b_fx.o(i.twinkle_fade)
    AHBPrescTable                            0x08009fb8   Data          16  system_stm32f1xx.o(.constdata)
    APBPrescTable                            0x08009fc8   Data           8  system_stm32f1xx.o(.constdata)
    hw                                       0x08009fd0   Data          12  inv_mpu.o(.constdata)
    reg                                      0x08009fdc   Data          27  inv_mpu.o(.constdata)
    test                                     0x08009ff8   Data          40  inv_mpu.o(.constdata)
    __mathlib_zero                           0x0800af10   Data           8  qnan.o(.constdata)
    Region$$Table$$Base                      0x0800af68   Number         0  anon$$obj.o(Region$$Table)
    Region$$Table$$Limit                     0x0800af88   Number         0  anon$$obj.o(Region$$Table)
    uwTickFreq                               0x20000000   Data           1  stm32f1xx_hal.o(.data)
    uwTickPrio                               0x20000004   Data           4  stm32f1xx_hal.o(.data)
    uwTick                                   0x20000008   Data           4  stm32f1xx_hal.o(.data)
    SystemCoreClock                          0x2000000c   Data           4  system_stm32f1xx.o(.data)
    more                                     0x2000003c   Data           1  mpu_dmp_useapi.o(.data)
    sensors                                  0x2000003e   Data           2  mpu_dmp_useapi.o(.data)
    q0                                       0x20000040   Data           4  mpu_dmp_useapi.o(.data)
    q1                                       0x20000044   Data           4  mpu_dmp_useapi.o(.data)
    q2                                       0x20000048   Data           4  mpu_dmp_useapi.o(.data)
    q3                                       0x2000004c   Data           4  mpu_dmp_useapi.o(.data)
    sensor_timestamp                         0x20000050   Data           4  mpu_dmp_useapi.o(.data)
    pit                                      0x20000054   Data           4  mpu_dmp_useapi.o(.data)
    rol                                      0x20000058   Data           4  mpu_dmp_useapi.o(.data)
    yaw                                      0x2000005c   Data           4  mpu_dmp_useapi.o(.data)
    gyro                                     0x20000060   Data           6  mpu_dmp_useapi.o(.data)
    accel                                    0x20000066   Data           6  mpu_dmp_useapi.o(.data)
    gyro_orientation                         0x2000006c   Data           9  mpu_dmp_useapi.o(.data)
    mRunning                                 0x20000079   Data           1  ws2812b_fx.o(.data)
    mTriggered                               0x2000007a   Data           1  ws2812b_fx.o(.data)
    mActualSegment                           0x2000007b   Data           1  ws2812b_fx.o(.data)
    mSegments                                0x2000007c   Data           2  ws2812b_fx.o(.data)
    Ws28b12b_Segments                        0x20000080   Data           4  ws2812b_fx.o(.data)
    mMode                                    0x20000084   Data         232  ws2812b_fx.o(.data)
    key_flag                                 0x2000016c   Data           2  key.o(.data)
    Blance_Enable                            0x2000016e   Data           1  control.o(.data)
    ROL_GYRO                                 0x20000170   Data           4  control.o(.data)
    M1                                       0x20000174   Data           8  control.o(.data)
    M2                                       0x2000017c   Data           8  control.o(.data)
    __stdout                                 0x20000198   Data           4  stdout.o(.data)
    BAT                                      0x200001a0   Data          12  adc.o(.bss)
    ADC_Value                                0x200001ac   Data         240  adc.o(.bss)
    hadc1                                    0x2000029c   Data          48  adc.o(.bss)
    hdma_adc1                                0x200002cc   Data          68  adc.o(.bss)
    hi2c1                                    0x20000310   Data          84  i2c.o(.bss)
    hi2c2                                    0x20000364   Data          84  i2c.o(.bss)
    hspi1                                    0x200003b8   Data          88  spi.o(.bss)
    hspi2                                    0x20000410   Data          88  spi.o(.bss)
    hdma_spi2_tx                             0x20000468   Data          68  spi.o(.bss)
    htim1                                    0x200004ac   Data          72  tim.o(.bss)
    htim2                                    0x200004f4   Data          72  tim.o(.bss)
    htim3                                    0x2000053c   Data          72  tim.o(.bss)
    htim4                                    0x20000584   Data          72  tim.o(.bss)
    htim5                                    0x200005cc   Data          72  tim.o(.bss)
    htim8                                    0x20000614   Data          72  tim.o(.bss)
    RxBuffer                                 0x2000065c   Data          40  usart.o(.bss)
    huart4                                   0x20000684   Data          64  usart.o(.bss)
    huart1                                   0x200006c4   Data          64  usart.o(.bss)
    pFlash                                   0x20000708   Data          32  stm32f1xx_hal_flash.o(.bss)
    hal                                      0x20000738   Data          14  mpu_dmp_useapi.o(.bss)
    quat                                     0x20000748   Data          16  mpu_dmp_useapi.o(.bss)
    ws2812b_array                            0x20000758   Data          21  ws2812b.o(.bss)
    PID_ROL_Angle                            0x200007a0   Data          60  control.o(.bss)
    PID_PIT_Angle                            0x200007dc   Data          60  control.o(.bss)
    PID_YAW_Angle                            0x20000818   Data          60  control.o(.bss)
    PID_ROL_Rate                             0x20000854   Data          60  control.o(.bss)
    PID_PIT_Rate                             0x20000890   Data          60  control.o(.bss)
    PID_YAW_Rate                             0x200008cc   Data          60  control.o(.bss)
    PID_ROL_Speed                            0x20000908   Data          60  control.o(.bss)
    PID_PIT_Speed                            0x20000944   Data          60  control.o(.bss)
    PID_YAW_Speed                            0x20000980   Data          60  control.o(.bss)
    PID_ROLL                                 0x200009bc   Data          60  control.o(.bss)
    Task                                     0x200009f8   Data          12  task_dispose.o(.bss)
    NRF_RX_BUFF                              0x20000a04   Data          32  nrf24l01.o(.bss)
    NRF_TX_BUFF                              0x20000a24   Data          32  nrf24l01.o(.bss)
    CHANNEL                                  0x20000a44   Data          14  nrf24l01.o(.bss)
    PIDflash                                 0x20000f54   Data          68  paramsave.o(.bss)
    __initial_sp                             0x20001398   Data           0  startup_stm32f103xe.o(STACK)



==============================================================================

Memory Map of the image

  Image Entry point : 0x08000131

  Load Region LR_IROM1 (Base: 0x08000000, Size: 0x0000b128, Max: 0x00040000, ABSOLUTE, COMPRESSED[0x0000b068])

    Execution Region ER_IROM1 (Exec base: 0x08000000, Load base: 0x08000000, Size: 0x0000af88, Max: 0x00040000, ABSOLUTE)

    Exec Addr    Load Addr    Size         Type   Attr      Idx    E Section Name        Object

    0x08000000   0x08000000   0x00000130   Data   RO            3    RESET               startup_stm32f103xe.o
    0x08000130   0x08000130   0x00000000   Code   RO         6165  * .ARM.Collect$$$$00000000  mc_w.l(entry.o)
    0x08000130   0x08000130   0x00000004   Code   RO         6535    .ARM.Collect$$$$00000001  mc_w.l(entry2.o)
    0x08000134   0x08000134   0x00000004   Code   RO         6538    .ARM.Collect$$$$00000004  mc_w.l(entry5.o)
    0x08000138   0x08000138   0x00000000   Code   RO         6540    .ARM.Collect$$$$00000008  mc_w.l(entry7b.o)
    0x08000138   0x08000138   0x00000000   Code   RO         6542    .ARM.Collect$$$$0000000A  mc_w.l(entry8b.o)
    0x08000138   0x08000138   0x00000008   Code   RO         6543    .ARM.Collect$$$$0000000B  mc_w.l(entry9a.o)
    0x08000140   0x08000140   0x00000000   Code   RO         6545    .ARM.Collect$$$$0000000D  mc_w.l(entry10a.o)
    0x08000140   0x08000140   0x00000000   Code   RO         6547    .ARM.Collect$$$$0000000F  mc_w.l(entry11a.o)
    0x08000140   0x08000140   0x00000004   Code   RO         6536    .ARM.Collect$$$$00002712  mc_w.l(entry2.o)
    0x08000144   0x08000144   0x00000024   Code   RO            4    .text               startup_stm32f103xe.o
    0x08000168   0x08000168   0x00000062   Code   RO         6168    .text               mc_w.l(ldiv.o)
    0x080001ca   0x080001ca   0x00000020   Code   RO         6170    .text               mc_w.l(llushr.o)
    0x080001ea   0x080001ea   0x00000002   PAD
    0x080001ec   0x080001ec   0x00000024   Code   RO         6172    .text               mc_w.l(rand.o)
    0x08000210   0x08000210   0x00000024   Code   RO         6175    .text               mc_w.l(memseta.o)
    0x08000234   0x08000234   0x0000001a   Code   RO         6177    .text               mc_w.l(memcmp.o)
    0x0800024e   0x0800024e   0x000000b0   Code   RO         6470    .text               mf_w.l(fadd.o)
    0x080002fe   0x080002fe   0x00000064   Code   RO         6472    .text               mf_w.l(fmul.o)
    0x08000362   0x08000362   0x0000007c   Code   RO         6474    .text               mf_w.l(fdiv.o)
    0x080003de   0x080003de   0x00000018   Code   RO         6476    .text               mf_w.l(fscalb.o)
    0x080003f6   0x080003f6   0x0000014e   Code   RO         6478    .text               mf_w.l(dadd.o)
    0x08000544   0x08000544   0x000000e4   Code   RO         6480    .text               mf_w.l(dmul.o)
    0x08000628   0x08000628   0x00000012   Code   RO         6482    .text               mf_w.l(fflti.o)
    0x0800063a   0x0800063a   0x0000000a   Code   RO         6484    .text               mf_w.l(ffltui.o)
    0x08000644   0x08000644   0x00000032   Code   RO         6486    .text               mf_w.l(ffixi.o)
    0x08000676   0x08000676   0x00000028   Code   RO         6488    .text               mf_w.l(ffixui.o)
    0x0800069e   0x0800069e   0x00000026   Code   RO         6490    .text               mf_w.l(f2d.o)
    0x080006c4   0x080006c4   0x00000038   Code   RO         6492    .text               mf_w.l(d2f.o)
    0x080006fc   0x080006fc   0x00000014   Code   RO         6494    .text               mf_w.l(cfcmple.o)
    0x08000710   0x08000710   0x00000014   Code   RO         6496    .text               mf_w.l(cfrcmple.o)
    0x08000724   0x08000724   0x0000002c   Code   RO         6550    .text               mc_w.l(uidiv.o)
    0x08000750   0x08000750   0x00000062   Code   RO         6552    .text               mc_w.l(uldiv.o)
    0x080007b2   0x080007b2   0x0000001e   Code   RO         6554    .text               mc_w.l(llshl.o)
    0x080007d0   0x080007d0   0x00000024   Code   RO         6556    .text               mc_w.l(llsshr.o)
    0x080007f4   0x080007f4   0x00000000   Code   RO         6571    .text               mc_w.l(iusefp.o)
    0x080007f4   0x080007f4   0x0000006e   Code   RO         6572    .text               mf_w.l(fepilogue.o)
    0x08000862   0x08000862   0x000000ba   Code   RO         6574    .text               mf_w.l(depilogue.o)
    0x0800091c   0x0800091c   0x000000de   Code   RO         6576    .text               mf_w.l(ddiv.o)
    0x080009fa   0x080009fa   0x0000002e   Code   RO         6578    .text               mf_w.l(dscalb.o)
    0x08000a28   0x08000a28   0x00000030   Code   RO         6580    .text               mf_w.l(dfixul.o)
    0x08000a58   0x08000a58   0x00000030   Code   RO         6582    .text               mf_w.l(cdrcmple.o)
    0x08000a88   0x08000a88   0x00000024   Code   RO         6584    .text               mc_w.l(init.o)
    0x08000aac   0x08000aac   0x000000a2   Code   RO         6586    .text               mf_w.l(dsqrt.o)
    0x08000b4e   0x08000b4e   0x00000056   Code   RO         6598    .text               mc_w.l(__dczerorl2.o)
    0x08000ba4   0x08000ba4   0x0000004c   Code   RO          760    i.ADC_ConversionStop_Disable  stm32f1xx_hal_adc.o
    0x08000bf0   0x08000bf0   0x00000002   Code   RO          566    i.BusFault_Handler  stm32f1xx_it.o
    0x08000bf2   0x08000bf2   0x00000002   PAD
    0x08000bf4   0x08000bf4   0x0000000c   Code   RO          567    i.DMA1_Channel1_IRQHandler  stm32f1xx_it.o
    0x08000c00   0x08000c00   0x0000000c   Code   RO          568    i.DMA1_Channel5_IRQHandler  stm32f1xx_it.o
    0x08000c0c   0x08000c0c   0x00000002   Code   RO          569    i.DebugMon_Handler  stm32f1xx_it.o
    0x08000c0e   0x08000c0e   0x00000002   PAD
    0x08000c10   0x08000c10   0x00000050   Code   RO         6074    i.DefaultParams     paramsave.o
    0x08000c60   0x08000c60   0x00000034   Code   RO         6075    i.DefaultParams_WriteFlash  paramsave.o
    0x08000c94   0x08000c94   0x00000016   Code   RO          570    i.EXTI15_10_IRQHandler  stm32f1xx_it.o
    0x08000caa   0x08000caa   0x00000006   Code   RO          571    i.EXTI2_IRQHandler  stm32f1xx_it.o
    0x08000cb0   0x08000cb0   0x00000006   Code   RO          572    i.EXTI4_IRQHandler  stm32f1xx_it.o
    0x08000cb6   0x08000cb6   0x00000012   Code   RO          573    i.EXTI9_5_IRQHandler  stm32f1xx_it.o
    0x08000cc8   0x08000cc8   0x00000002   Code   RO           13    i.Error_Handler     main.o
    0x08000cca   0x08000cca   0x00000002   PAD
    0x08000ccc   0x08000ccc   0x00000070   Code   RO         6032    i.FLASH_ErasePage   flash.o
    0x08000d3c   0x08000d3c   0x00000024   Code   RO         1854    i.FLASH_MassErase   stm32f1xx_hal_flash_ex.o
    0x08000d60   0x08000d60   0x00000024   Code   RO         1859    i.FLASH_PageErase   stm32f1xx_hal_flash_ex.o
    0x08000d84   0x08000d84   0x0000001c   Code   RO         1751    i.FLASH_Program_HalfWord  stm32f1xx_hal_flash.o
    0x08000da0   0x08000da0   0x0000005c   Code   RO         1752    i.FLASH_SetErrorCode  stm32f1xx_hal_flash.o
    0x08000dfc   0x08000dfc   0x00000054   Code   RO         1753    i.FLASH_WaitForLastOperation  stm32f1xx_hal_flash.o
    0x08000e50   0x08000e50   0x00000058   Code   RO         5950    i.FindPos           filter.o
    0x08000ea8   0x08000ea8   0x000000e4   Code   RO         5686    i.Get_CaptureNumber  control.o
    0x08000f8c   0x08000f8c   0x000000fc   Code   RO          766    i.HAL_ADC_ConfigChannel  stm32f1xx_hal_adc.o
    0x08001088   0x08001088   0x00000120   Code   RO          775    i.HAL_ADC_Init      stm32f1xx_hal_adc.o
    0x080011a8   0x080011a8   0x00000090   Code   RO          240    i.HAL_ADC_MspInit   adc.o
    0x08001238   0x08001238   0x00000130   Code   RO         1416    i.HAL_DMA_Abort_IT  stm32f1xx_hal_dma.o
    0x08001368   0x08001368   0x00000248   Code   RO         1420    i.HAL_DMA_IRQHandler  stm32f1xx_hal_dma.o
    0x080015b0   0x080015b0   0x0000007c   Code   RO         1421    i.HAL_DMA_Init      stm32f1xx_hal_dma.o
    0x0800162c   0x0800162c   0x00000024   Code   RO         1043    i.HAL_Delay         stm32f1xx_hal.o
    0x08001650   0x08001650   0x000000b0   Code   RO         1860    i.HAL_FLASHEx_Erase  stm32f1xx_hal_flash_ex.o
    0x08001700   0x08001700   0x00000014   Code   RO         1757    i.HAL_FLASH_Lock    stm32f1xx_hal_flash.o
    0x08001714   0x08001714   0x00000080   Code   RO         1762    i.HAL_FLASH_Program  stm32f1xx_hal_flash.o
    0x08001794   0x08001794   0x00000028   Code   RO         1764    i.HAL_FLASH_Unlock  stm32f1xx_hal_flash.o
    0x080017bc   0x080017bc   0x00000060   Code   RO         5456    i.HAL_GPIO_EXTI_Callback  exti.o
    0x0800181c   0x0800181c   0x00000018   Code   RO         1350    i.HAL_GPIO_EXTI_IRQHandler  stm32f1xx_hal_gpio.o
    0x08001834   0x08001834   0x000001f8   Code   RO         1351    i.HAL_GPIO_Init     stm32f1xx_hal_gpio.o
    0x08001a2c   0x08001a2c   0x00000010   Code   RO         1354    i.HAL_GPIO_TogglePin  stm32f1xx_hal_gpio.o
    0x08001a3c   0x08001a3c   0x0000000a   Code   RO         1355    i.HAL_GPIO_WritePin  stm32f1xx_hal_gpio.o
    0x08001a46   0x08001a46   0x00000002   PAD
    0x08001a48   0x08001a48   0x0000000c   Code   RO         1047    i.HAL_GetTick       stm32f1xx_hal.o
    0x08001a54   0x08001a54   0x00000188   Code   RO         2022    i.HAL_I2C_Init      stm32f1xx_hal_i2c.o
    0x08001bdc   0x08001bdc   0x00000250   Code   RO         2040    i.HAL_I2C_Mem_Read  stm32f1xx_hal_i2c.o
    0x08001e2c   0x08001e2c   0x00000130   Code   RO         2043    i.HAL_I2C_Mem_Write  stm32f1xx_hal_i2c.o
    0x08001f5c   0x08001f5c   0x000000a8   Code   RO          311    i.HAL_I2C_MspInit   i2c.o
    0x08002004   0x08002004   0x00000010   Code   RO         1053    i.HAL_IncTick       stm32f1xx_hal.o
    0x08002014   0x08002014   0x00000024   Code   RO         1054    i.HAL_Init          stm32f1xx_hal.o
    0x08002038   0x08002038   0x00000040   Code   RO         1055    i.HAL_InitTick      stm32f1xx_hal.o
    0x08002078   0x08002078   0x00000044   Code   RO          700    i.HAL_MspInit       stm32f1xx_hal_msp.o
    0x080020bc   0x080020bc   0x0000001a   Code   RO         1511    i.HAL_NVIC_EnableIRQ  stm32f1xx_hal_cortex.o
    0x080020d6   0x080020d6   0x00000002   PAD
    0x080020d8   0x080020d8   0x00000040   Code   RO         1517    i.HAL_NVIC_SetPriority  stm32f1xx_hal_cortex.o
    0x08002118   0x08002118   0x00000024   Code   RO         1518    i.HAL_NVIC_SetPriorityGrouping  stm32f1xx_hal_cortex.o
    0x0800213c   0x0800213c   0x000000ec   Code   RO         1314    i.HAL_RCCEx_PeriphCLKConfig  stm32f1xx_hal_rcc_ex.o
    0x08002228   0x08002228   0x0000012c   Code   RO         1211    i.HAL_RCC_ClockConfig  stm32f1xx_hal_rcc.o
    0x08002354   0x08002354   0x00000020   Code   RO         1218    i.HAL_RCC_GetPCLK1Freq  stm32f1xx_hal_rcc.o
    0x08002374   0x08002374   0x00000020   Code   RO         1219    i.HAL_RCC_GetPCLK2Freq  stm32f1xx_hal_rcc.o
    0x08002394   0x08002394   0x0000006c   Code   RO         1220    i.HAL_RCC_GetSysClockFreq  stm32f1xx_hal_rcc.o
    0x08002400   0x08002400   0x00000320   Code   RO         1223    i.HAL_RCC_OscConfig  stm32f1xx_hal_rcc.o
    0x08002720   0x08002720   0x000000b2   Code   RO         2449    i.HAL_SPI_Init      stm32f1xx_hal_spi.o
    0x080027d2   0x080027d2   0x00000002   PAD
    0x080027d4   0x080027d4   0x000000e8   Code   RO          371    i.HAL_SPI_MspInit   spi.o
    0x080028bc   0x080028bc   0x00000004   Code   RO         5457    i.HAL_SYSTICK_Callback  exti.o
    0x080028c0   0x080028c0   0x00000028   Code   RO         1522    i.HAL_SYSTICK_Config  stm32f1xx_hal_cortex.o
    0x080028e8   0x080028e8   0x00000008   Code   RO         1523    i.HAL_SYSTICK_IRQHandler  stm32f1xx_hal_cortex.o
    0x080028f0   0x080028f0   0x00000002   Code   RO         3466    i.HAL_TIMEx_BreakCallback  stm32f1xx_hal_tim_ex.o
    0x080028f2   0x080028f2   0x00000002   Code   RO         3467    i.HAL_TIMEx_CommutCallback  stm32f1xx_hal_tim_ex.o
    0x080028f4   0x080028f4   0x0000007c   Code   RO         3485    i.HAL_TIMEx_MasterConfigSynchronization  stm32f1xx_hal_tim_ex.o
    0x08002970   0x08002970   0x0000005a   Code   RO         2762    i.HAL_TIM_Base_Init  stm32f1xx_hal_tim.o
    0x080029ca   0x080029ca   0x00000002   PAD
    0x080029cc   0x080029cc   0x00000074   Code   RO          419    i.HAL_TIM_Base_MspInit  tim.o
    0x08002a40   0x08002a40   0x000000d6   Code   RO         2771    i.HAL_TIM_ConfigClockSource  stm32f1xx_hal_tim.o
    0x08002b16   0x08002b16   0x000000a4   Code   RO         2783    i.HAL_TIM_Encoder_Init  stm32f1xx_hal_tim.o
    0x08002bba   0x08002bba   0x00000002   PAD
    0x08002bbc   0x08002bbc   0x000000a0   Code   RO          421    i.HAL_TIM_Encoder_MspInit  tim.o
    0x08002c5c   0x08002c5c   0x0000008e   Code   RO         2786    i.HAL_TIM_Encoder_Start  stm32f1xx_hal_tim.o
    0x08002cea   0x08002cea   0x00000002   Code   RO         2796    i.HAL_TIM_IC_CaptureCallback  stm32f1xx_hal_tim.o
    0x08002cec   0x08002cec   0x00000166   Code   RO         2810    i.HAL_TIM_IRQHandler  stm32f1xx_hal_tim.o
    0x08002e52   0x08002e52   0x00000002   PAD
    0x08002e54   0x08002e54   0x00000090   Code   RO          422    i.HAL_TIM_MspPostInit  tim.o
    0x08002ee4   0x08002ee4   0x00000002   Code   RO         2813    i.HAL_TIM_OC_DelayElapsedCallback  stm32f1xx_hal_tim.o
    0x08002ee6   0x08002ee6   0x000000c6   Code   RO         2834    i.HAL_TIM_PWM_ConfigChannel  stm32f1xx_hal_tim.o
    0x08002fac   0x08002fac   0x0000005a   Code   RO         2837    i.HAL_TIM_PWM_Init  stm32f1xx_hal_tim.o
    0x08003006   0x08003006   0x00000002   Code   RO         2839    i.HAL_TIM_PWM_MspInit  stm32f1xx_hal_tim.o
    0x08003008   0x08003008   0x00000002   Code   RO         2840    i.HAL_TIM_PWM_PulseFinishedCallback  stm32f1xx_hal_tim.o
    0x0800300a   0x0800300a   0x00000002   PAD
    0x0800300c   0x0800300c   0x000000b4   Code   RO         2842    i.HAL_TIM_PWM_Start  stm32f1xx_hal_tim.o
    0x080030c0   0x080030c0   0x00000002   Code   RO         2848    i.HAL_TIM_PeriodElapsedCallback  stm32f1xx_hal_tim.o
    0x080030c2   0x080030c2   0x00000002   Code   RO         2853    i.HAL_TIM_TriggerCallback  stm32f1xx_hal_tim.o
    0x080030c4   0x080030c4   0x00000002   Code   RO         3754    i.HAL_UART_ErrorCallback  stm32f1xx_hal_uart.o
    0x080030c6   0x080030c6   0x00000002   PAD
    0x080030c8   0x080030c8   0x0000015c   Code   RO         3757    i.HAL_UART_IRQHandler  stm32f1xx_hal_uart.o
    0x08003224   0x08003224   0x00000062   Code   RO         3758    i.HAL_UART_Init     stm32f1xx_hal_uart.o
    0x08003286   0x08003286   0x00000002   PAD
    0x08003288   0x08003288   0x000000dc   Code   RO          509    i.HAL_UART_MspInit  usart.o
    0x08003364   0x08003364   0x00000052   Code   RO         3763    i.HAL_UART_Receive_IT  stm32f1xx_hal_uart.o
    0x080033b6   0x080033b6   0x00000002   PAD
    0x080033b8   0x080033b8   0x00000048   Code   RO         5458    i.HAL_UART_RxCpltCallback  exti.o
    0x08003400   0x08003400   0x000000b2   Code   RO         3766    i.HAL_UART_Transmit  stm32f1xx_hal_uart.o
    0x080034b2   0x080034b2   0x00000002   Code   RO         3769    i.HAL_UART_TxCpltCallback  stm32f1xx_hal_uart.o
    0x080034b4   0x080034b4   0x00000002   Code   RO          574    i.HardFault_Handler  stm32f1xx_it.o
    0x080034b6   0x080034b6   0x0000002e   Code   RO         2064    i.I2C_IsAcknowledgeFailed  stm32f1xx_hal_i2c.o
    0x080034e4   0x080034e4   0x000000fc   Code   RO         2074    i.I2C_RequestMemoryRead  stm32f1xx_hal_i2c.o
    0x080035e0   0x080035e0   0x000000a8   Code   RO         2075    i.I2C_RequestMemoryWrite  stm32f1xx_hal_i2c.o
    0x08003688   0x08003688   0x0000004c   Code   RO         2078    i.I2C_WaitOnBTFFlagUntilTimeout  stm32f1xx_hal_i2c.o
    0x080036d4   0x080036d4   0x00000068   Code   RO         2079    i.I2C_WaitOnFlagUntilTimeout  stm32f1xx_hal_i2c.o
    0x0800373c   0x0800373c   0x00000096   Code   RO         2080    i.I2C_WaitOnMasterAddressFlagUntilTimeout  stm32f1xx_hal_i2c.o
    0x080037d2   0x080037d2   0x00000066   Code   RO         2081    i.I2C_WaitOnRXNEFlagUntilTimeout  stm32f1xx_hal_i2c.o
    0x08003838   0x08003838   0x0000004c   Code   RO         2082    i.I2C_WaitOnTXEFlagUntilTimeout  stm32f1xx_hal_i2c.o
    0x08003884   0x08003884   0x00000036   Code   RO         5687    i.Limiting          control.o
    0x080038ba   0x080038ba   0x00000002   PAD
    0x080038bc   0x080038bc   0x00000080   Code   RO          241    i.MX_ADC1_Init      adc.o
    0x0800393c   0x0800393c   0x0000003c   Code   RO          286    i.MX_DMA_Init       dma.o
    0x08003978   0x08003978   0x000001a0   Code   RO          214    i.MX_GPIO_Init      gpio.o
    0x08003b18   0x08003b18   0x00000040   Code   RO          312    i.MX_I2C1_Init      i2c.o
    0x08003b58   0x08003b58   0x00000040   Code   RO          313    i.MX_I2C2_Init      i2c.o
    0x08003b98   0x08003b98   0x00000048   Code   RO          372    i.MX_SPI1_Init      spi.o
    0x08003be0   0x08003be0   0x00000048   Code   RO          373    i.MX_SPI2_Init      spi.o
    0x08003c28   0x08003c28   0x00000068   Code   RO          423    i.MX_TIM1_Init      tim.o
    0x08003c90   0x08003c90   0x0000006c   Code   RO          424    i.MX_TIM2_Init      tim.o
    0x08003cfc   0x08003cfc   0x000000cc   Code   RO          425    i.MX_TIM3_Init      tim.o
    0x08003dc8   0x08003dc8   0x0000006c   Code   RO          426    i.MX_TIM4_Init      tim.o
    0x08003e34   0x08003e34   0x000000ac   Code   RO          427    i.MX_TIM5_Init      tim.o
    0x08003ee0   0x08003ee0   0x0000006c   Code   RO          428    i.MX_TIM8_Init      tim.o
    0x08003f4c   0x08003f4c   0x00000038   Code   RO          510    i.MX_UART4_Init     usart.o
    0x08003f84   0x08003f84   0x0000003c   Code   RO          511    i.MX_USART1_UART_Init  usart.o
    0x08003fc0   0x08003fc0   0x00000002   Code   RO          575    i.MemManage_Handler  stm32f1xx_it.o
    0x08003fc2   0x08003fc2   0x00000002   PAD
    0x08003fc4   0x08003fc4   0x00000024   Code   RO          314    i.MoniI2c_ReadSomeDataFromSlave  i2c.o
    0x08003fe8   0x08003fe8   0x00000024   Code   RO          315    i.MoniI2c_WriteSomeDataToSlave  i2c.o
    0x0800400c   0x0800400c   0x00000002   Code   RO          576    i.NMI_Handler       stm32f1xx_it.o
    0x0800400e   0x0800400e   0x00000002   PAD
    0x08004010   0x08004010   0x000000cc   Code   RO         5922    i.PID_Postion_Cal   pid.o
    0x080040dc   0x080040dc   0x000006f0   Code   RO         6077    i.PID_ReadFlash     paramsave.o
    0x080047cc   0x080047cc   0x00000002   Code   RO          577    i.PendSV_Handler    stm32f1xx_it.o
    0x080047ce   0x080047ce   0x0000002e   Code   RO         5952    i.QuiteSort         filter.o
    0x080047fc   0x080047fc   0x00000014   Code   RO         6033    i.STMFLASH_Read     flash.o
    0x08004810   0x08004810   0x00000084   Code   RO         6035    i.STMFLASH_Write    flash.o
    0x08004894   0x08004894   0x00000002   Code   RO          578    i.SVC_Handler       stm32f1xx_it.o
    0x08004896   0x08004896   0x00000002   PAD
    0x08004898   0x08004898   0x00000080   Code   RO         5953    i.SortAver_Filter   filter.o
    0x08004918   0x08004918   0x0000000e   Code   RO          579    i.SysTick_Handler   stm32f1xx_it.o
    0x08004926   0x08004926   0x00000062   Code   RO           14    i.SystemClock_Config  main.o
    0x08004988   0x08004988   0x00000002   Code   RO         4055    i.SystemInit        system_stm32f1xx.o
    0x0800498a   0x0800498a   0x00000002   PAD
    0x0800498c   0x0800498c   0x0000000c   Code   RO          580    i.TIM4_IRQHandler   stm32f1xx_it.o
    0x08004998   0x08004998   0x0000008c   Code   RO         2855    i.TIM_Base_SetConfig  stm32f1xx_hal_tim.o
    0x08004a24   0x08004a24   0x0000001a   Code   RO         2856    i.TIM_CCxChannelCmd  stm32f1xx_hal_tim.o
    0x08004a3e   0x08004a3e   0x00000014   Code   RO         2866    i.TIM_ETR_SetConfig  stm32f1xx_hal_tim.o
    0x08004a52   0x08004a52   0x00000010   Code   RO         2867    i.TIM_ITRx_SetConfig  stm32f1xx_hal_tim.o
    0x08004a62   0x08004a62   0x00000002   PAD
    0x08004a64   0x08004a64   0x00000060   Code   RO         2868    i.TIM_OC1_SetConfig  stm32f1xx_hal_tim.o
    0x08004ac4   0x08004ac4   0x0000006c   Code   RO         2869    i.TIM_OC2_SetConfig  stm32f1xx_hal_tim.o
    0x08004b30   0x08004b30   0x00000068   Code   RO         2870    i.TIM_OC3_SetConfig  stm32f1xx_hal_tim.o
    0x08004b98   0x08004b98   0x00000050   Code   RO         2871    i.TIM_OC4_SetConfig  stm32f1xx_hal_tim.o
    0x08004be8   0x08004be8   0x00000022   Code   RO         2873    i.TIM_TI1_ConfigInputStage  stm32f1xx_hal_tim.o
    0x08004c0a   0x08004c0a   0x00000024   Code   RO         2875    i.TIM_TI2_ConfigInputStage  stm32f1xx_hal_tim.o
    0x08004c2e   0x08004c2e   0x00000002   PAD
    0x08004c30   0x08004c30   0x000001f0   Code   RO         6081    i.TableToParams     paramsave.o
    0x08004e20   0x08004e20   0x00000024   Code   RO         5787    i.Task_polling      task_dispose.o
    0x08004e44   0x08004e44   0x0000000c   Code   RO          581    i.UART4_IRQHandler  stm32f1xx_it.o
    0x08004e50   0x08004e50   0x00000010   Code   RO         3771    i.UART_DMAAbortOnError  stm32f1xx_hal_uart.o
    0x08004e60   0x08004e60   0x0000001c   Code   RO         3781    i.UART_EndRxTransfer  stm32f1xx_hal_uart.o
    0x08004e7c   0x08004e7c   0x0000008c   Code   RO         3783    i.UART_Receive_IT   stm32f1xx_hal_uart.o
    0x08004f08   0x08004f08   0x000000b8   Code   RO         3784    i.UART_SetConfig    stm32f1xx_hal_uart.o
    0x08004fc0   0x08004fc0   0x00000064   Code   RO         3785    i.UART_WaitOnFlagUntilTimeout  stm32f1xx_hal_uart.o
    0x08005024   0x08005024   0x0000000c   Code   RO          582    i.USART1_IRQHandler  stm32f1xx_it.o
    0x08005030   0x08005030   0x00000002   Code   RO          583    i.UsageFault_Handler  stm32f1xx_it.o
    0x08005032   0x08005032   0x0000009c   Code   RO         4780    i.WS2812BFX_HSVtoRGB  ws2812b_fx.o
    0x080050ce   0x080050ce   0x000000a2   Code   RO         4787    i.WS2812BFX_RGBtoHSV  ws2812b_fx.o
    0x08005170   0x08005170   0x00000054   Code   RO         4794    i.WS2812BFX_SetAll  ws2812b_fx.o
    0x080051c4   0x080051c4   0x00000058   Code   RO         4795    i.WS2812BFX_SetAllRGB  ws2812b_fx.o
    0x0800521c   0x0800521c   0x00000030   Code   RO         4806    i.WS2812BFX_SysTickCallback  ws2812b_fx.o
    0x0800524c   0x0800524c   0x00000020   Code   RO         4676    i.WS2812B_GetColor  ws2812b.o
    0x0800526c   0x0800526c   0x00000008   Code   RO         4677    i.WS2812B_GetPixels  ws2812b.o
    0x08005274   0x08005274   0x0000001c   Code   RO         4680    i.WS2812B_SetDiodeColor  ws2812b.o
    0x08005290   0x08005290   0x00000020   Code   RO         4681    i.WS2812B_SetDiodeColorStruct  ws2812b.o
    0x080052b0   0x080052b0   0x0000001c   Code   RO         4683    i.WS2812B_SetDiodeRGB  ws2812b.o
    0x080052cc   0x080052cc   0x00000020   Code   RO         6412    i.__0printf         mc_w.l(printfa.o)
    0x080052ec   0x080052ec   0x00000028   Code   RO         6522    i.__ARM_fpclassify  m_ws.l(fpclassify.o)
    0x08005314   0x08005314   0x00000020   Code   RO         1524    i.__NVIC_SetPriority  stm32f1xx_hal_cortex.o
    0x08005334   0x08005334   0x000000aa   Code   RO         6524    i.__kernel_poly     m_ws.l(poly.o)
    0x080053de   0x080053de   0x00000006   Code   RO         6509    i.__mathlib_dbl_infnan  m_ws.l(dunder.o)
    0x080053e4   0x080053e4   0x00000004   Code   RO         6510    i.__mathlib_dbl_infnan2  m_ws.l(dunder.o)
    0x080053e8   0x080053e8   0x0000000c   Code   RO         6511    i.__mathlib_dbl_invalid  m_ws.l(dunder.o)
    0x080053f4   0x080053f4   0x00000010   Code   RO         6514    i.__mathlib_dbl_underflow  m_ws.l(dunder.o)
    0x08005404   0x08005404   0x0000000e   Code   RO         6592    i.__scatterload_copy  mc_w.l(handlers.o)
    0x08005412   0x08005412   0x00000002   Code   RO         6593    i.__scatterload_null  mc_w.l(handlers.o)
    0x08005414   0x08005414   0x0000000e   Code   RO         6594    i.__scatterload_zeroinit  mc_w.l(handlers.o)
    0x08005422   0x08005422   0x00000002   PAD
    0x08005424   0x08005424   0x0000000c   Code   RO         6566    i.__set_errno       mc_w.l(errno.o)
    0x08005430   0x08005430   0x00000184   Code   RO         6419    i._fp_digits        mc_w.l(printfa.o)
    0x080055b4   0x080055b4   0x000006dc   Code   RO         6420    i._printf_core      mc_w.l(printfa.o)
    0x08005c90   0x08005c90   0x00000024   Code   RO         6421    i._printf_post_padding  mc_w.l(printfa.o)
    0x08005cb4   0x08005cb4   0x0000002e   Code   RO         6422    i._printf_pre_padding  mc_w.l(printfa.o)
    0x08005ce2   0x08005ce2   0x00000002   PAD
    0x08005ce4   0x08005ce4   0x00000080   Code   RO         4092    i.accel_self_test   inv_mpu.o
    0x08005d64   0x08005d64   0x00000270   Code   RO         6148    i.asin              m_ws.l(asin.o)
    0x08005fd4   0x08005fd4   0x00000220   Code   RO         6499    i.atan              m_ws.l(atan.o)
    0x080061f4   0x080061f4   0x00000180   Code   RO         6158    i.atan2             m_ws.l(atan2.o)
    0x08006374   0x08006374   0x00000050   Code   RO         4807    i.blink             ws2812b_fx.o
    0x080063c4   0x080063c4   0x00000100   Code   RO         4808    i.chase             ws2812b_fx.o
    0x080064c4   0x080064c4   0x00000076   Code   RO         4809    i.color_blend       ws2812b_fx.o
    0x0800653a   0x0800653a   0x00000046   Code   RO         4810    i.color_wheel       ws2812b_fx.o
    0x08006580   0x08006580   0x00000084   Code   RO         4811    i.color_wipe        ws2812b_fx.o
    0x08006604   0x08006604   0x0000004c   Code   RO         5689    i.cubic_control     control.o
    0x08006650   0x08006650   0x0000003a   Code   RO         4409    i.dmp_enable_6x_lp_quat  inv_mpu_dmp_motion_driver.o
    0x0800668a   0x0800668a   0x00000002   PAD
    0x0800668c   0x0800668c   0x000001d8   Code   RO         4410    i.dmp_enable_feature  inv_mpu_dmp_motion_driver.o
    0x08006864   0x08006864   0x0000003c   Code   RO         4411    i.dmp_enable_gyro_cal  inv_mpu_dmp_motion_driver.o
    0x080068a0   0x080068a0   0x0000003a   Code   RO         4412    i.dmp_enable_lp_quat  inv_mpu_dmp_motion_driver.o
    0x080068da   0x080068da   0x00000002   PAD
    0x080068dc   0x080068dc   0x000001c8   Code   RO         4603    i.dmp_getdata       mpu_dmp_useapi.o
    0x08006aa4   0x08006aa4   0x00000014   Code   RO         4417    i.dmp_load_motion_driver_firmware  inv_mpu_dmp_motion_driver.o
    0x08006ab8   0x08006ab8   0x00000144   Code   RO         4418    i.dmp_read_fifo     inv_mpu_dmp_motion_driver.o
    0x08006bfc   0x08006bfc   0x000000d8   Code   RO         4421    i.dmp_set_accel_bias  inv_mpu_dmp_motion_driver.o
    0x08006cd4   0x08006cd4   0x00000064   Code   RO         4422    i.dmp_set_fifo_rate  inv_mpu_dmp_motion_driver.o
    0x08006d38   0x08006d38   0x000000cc   Code   RO         4423    i.dmp_set_gyro_bias  inv_mpu_dmp_motion_driver.o
    0x08006e04   0x08006e04   0x0000010c   Code   RO         4425    i.dmp_set_orientation  inv_mpu_dmp_motion_driver.o
    0x08006f10   0x08006f10   0x00000030   Code   RO         4428    i.dmp_set_shake_reject_thresh  inv_mpu_dmp_motion_driver.o
    0x08006f40   0x08006f40   0x00000020   Code   RO         4429    i.dmp_set_shake_reject_time  inv_mpu_dmp_motion_driver.o
    0x08006f60   0x08006f60   0x00000020   Code   RO         4430    i.dmp_set_shake_reject_timeout  inv_mpu_dmp_motion_driver.o
    0x08006f80   0x08006f80   0x00000040   Code   RO         4431    i.dmp_set_tap_axes  inv_mpu_dmp_motion_driver.o
    0x08006fc0   0x08006fc0   0x00000022   Code   RO         4432    i.dmp_set_tap_count  inv_mpu_dmp_motion_driver.o
    0x08006fe2   0x08006fe2   0x00000002   PAD
    0x08006fe4   0x08006fe4   0x00000128   Code   RO         4433    i.dmp_set_tap_thresh  inv_mpu_dmp_motion_driver.o
    0x0800710c   0x0800710c   0x00000020   Code   RO         4434    i.dmp_set_tap_time  inv_mpu_dmp_motion_driver.o
    0x0800712c   0x0800712c   0x00000020   Code   RO         4435    i.dmp_set_tap_time_multi  inv_mpu_dmp_motion_driver.o
    0x0800714c   0x0800714c   0x000000f0   Code   RO         4812    i.fade_out          ws2812b_fx.o
    0x0800723c   0x0800723c   0x000000ac   Code   RO         4813    i.fire_flicker      ws2812b_fx.o
    0x080072e8   0x080072e8   0x00000114   Code   RO         4814    i.fireworks         ws2812b_fx.o
    0x080073fc   0x080073fc   0x0000001c   Code   RO          512    i.fputc             usart.o
    0x08007418   0x08007418   0x000000ac   Code   RO         4093    i.get_accel_prod_shift  inv_mpu.o
    0x080074c4   0x080074c4   0x00000002   Code   RO         4094    i.get_ms            inv_mpu.o
    0x080074c6   0x080074c6   0x00000024   Code   RO         4815    i.get_random_wheel_index  ws2812b_fx.o
    0x080074ea   0x080074ea   0x00000002   PAD
    0x080074ec   0x080074ec   0x00000318   Code   RO         4095    i.get_st_biases     inv_mpu.o
    0x08007804   0x08007804   0x000000d4   Code   RO         4096    i.gyro_self_test    inv_mpu.o
    0x080078d8   0x080078d8   0x00000022   Code   RO         4605    i.inv_orientation_matrix_to_scalar  mpu_dmp_useapi.o
    0x080078fa   0x080078fa   0x00000048   Code   RO         4606    i.inv_row_2_scale   mpu_dmp_useapi.o
    0x08007942   0x08007942   0x00000002   PAD
    0x08007944   0x08007944   0x00000064   Code   RO           15    i.main              main.o
    0x080079a8   0x080079a8   0x0000001c   Code   RO         4816    i.mode_bicolor_chase  ws2812b_fx.o
    0x080079c4   0x080079c4   0x00000006   Code   RO         4817    i.mode_black_to_color  ws2812b_fx.o
    0x080079ca   0x080079ca   0x00000002   PAD
    0x080079cc   0x080079cc   0x0000001c   Code   RO         4818    i.mode_blink        ws2812b_fx.o
    0x080079e8   0x080079e8   0x00000034   Code   RO         4819    i.mode_blink_rainbow  ws2812b_fx.o
    0x08007a1c   0x08007a1c   0x000000ac   Code   RO         4820    i.mode_breath       ws2812b_fx.o
    0x08007ac8   0x08007ac8   0x0000001c   Code   RO         4821    i.mode_chase_blackout  ws2812b_fx.o
    0x08007ae4   0x08007ae4   0x00000040   Code   RO         4822    i.mode_chase_blackout_rainbow  ws2812b_fx.o
    0x08007b24   0x08007b24   0x00000020   Code   RO         4823    i.mode_chase_color  ws2812b_fx.o
    0x08007b44   0x08007b44   0x000000e8   Code   RO         4824    i.mode_chase_flash  ws2812b_fx.o
    0x08007c2c   0x08007c2c   0x0000013c   Code   RO         4825    i.mode_chase_flash_random  ws2812b_fx.o
    0x08007d68   0x08007d68   0x00000044   Code   RO         4826    i.mode_chase_rainbow  ws2812b_fx.o
    0x08007dac   0x08007dac   0x00000074   Code   RO         4827    i.mode_chase_rainbow_white  ws2812b_fx.o
    0x08007e20   0x08007e20   0x00000054   Code   RO         4828    i.mode_chase_random  ws2812b_fx.o
    0x08007e74   0x08007e74   0x00000020   Code   RO         4829    i.mode_chase_white  ws2812b_fx.o
    0x08007e94   0x08007e94   0x0000000e   Code   RO         4830    i.mode_circus_combustus  ws2812b_fx.o
    0x08007ea2   0x08007ea2   0x00000002   PAD
    0x08007ea4   0x08007ea4   0x00000060   Code   RO         4831    i.mode_color_sweep_random  ws2812b_fx.o
    0x08007f04   0x08007f04   0x0000001c   Code   RO         4832    i.mode_color_wipe   ws2812b_fx.o
    0x08007f20   0x08007f20   0x0000001c   Code   RO         4833    i.mode_color_wipe_inv  ws2812b_fx.o
    0x08007f3c   0x08007f3c   0x00000070   Code   RO         4834    i.mode_color_wipe_random  ws2812b_fx.o
    0x08007fac   0x08007fac   0x0000001c   Code   RO         4835    i.mode_color_wipe_rev  ws2812b_fx.o
    0x08007fc8   0x08007fc8   0x0000001c   Code   RO         4836    i.mode_color_wipe_rev_inv  ws2812b_fx.o
    0x08007fe4   0x08007fe4   0x00000068   Code   RO         4837    i.mode_comet        ws2812b_fx.o
    0x0800804c   0x0800804c   0x000000b8   Code   RO         4838    i.mode_dual_scan    ws2812b_fx.o
    0x08008104   0x08008104   0x00000094   Code   RO         4839    i.mode_fade         ws2812b_fx.o
    0x08008198   0x08008198   0x00000006   Code   RO         4840    i.mode_fire_flicker  ws2812b_fx.o
    0x0800819e   0x0800819e   0x00000006   Code   RO         4841    i.mode_fire_flicker_intense  ws2812b_fx.o
    0x080081a4   0x080081a4   0x00000006   Code   RO         4842    i.mode_fire_flicker_soft  ws2812b_fx.o
    0x080081aa   0x080081aa   0x00000002   PAD
    0x080081ac   0x080081ac   0x00000018   Code   RO         4843    i.mode_fireworks    ws2812b_fx.o
    0x080081c4   0x080081c4   0x00000014   Code   RO         4844    i.mode_fireworks_random  ws2812b_fx.o
    0x080081d8   0x080081d8   0x000000c0   Code   RO         4845    i.mode_flash_sparkle  ws2812b_fx.o
    0x08008298   0x08008298   0x00000010   Code   RO         4846    i.mode_halloween    ws2812b_fx.o
    0x080082a8   0x080082a8   0x000000c4   Code   RO         4847    i.mode_hyper_sparkle  ws2812b_fx.o
    0x0800836c   0x0800836c   0x000001bc   Code   RO         4848    i.mode_icu          ws2812b_fx.o
    0x08008528   0x08008528   0x000000b0   Code   RO         4849    i.mode_larson_scanner  ws2812b_fx.o
    0x080085d8   0x080085d8   0x0000000a   Code   RO         4850    i.mode_merry_christmas  ws2812b_fx.o
    0x080085e2   0x080085e2   0x00000002   PAD
    0x080085e4   0x080085e4   0x00000054   Code   RO         4851    i.mode_multi_dynamic  ws2812b_fx.o
    0x08008638   0x08008638   0x000000c8   Code   RO         4852    i.mode_multi_strobe  ws2812b_fx.o
    0x08008700   0x08008700   0x00000070   Code   RO         4853    i.mode_rainbow      ws2812b_fx.o
    0x08008770   0x08008770   0x00000074   Code   RO         4854    i.mode_rainbow_cycle  ws2812b_fx.o
    0x080087e4   0x080087e4   0x0000004c   Code   RO         4855    i.mode_random_color  ws2812b_fx.o
    0x08008830   0x08008830   0x0000001c   Code   RO         4856    i.mode_running_color  ws2812b_fx.o
    0x0800884c   0x0800884c   0x000000f4   Code   RO         4857    i.mode_running_lights  ws2812b_fx.o
    0x08008940   0x08008940   0x00000110   Code   RO         4858    i.mode_running_random  ws2812b_fx.o
    0x08008a50   0x08008a50   0x00000008   Code   RO         4859    i.mode_running_red_blue  ws2812b_fx.o
    0x08008a58   0x08008a58   0x000000ac   Code   RO         4860    i.mode_scan         ws2812b_fx.o
    0x08008b04   0x08008b04   0x00000090   Code   RO         4861    i.mode_single_dynamic  ws2812b_fx.o
    0x08008b94   0x08008b94   0x00000070   Code   RO         4862    i.mode_sparkle      ws2812b_fx.o
    0x08008c04   0x08008c04   0x00000048   Code   RO         4863    i.mode_static       ws2812b_fx.o
    0x08008c4c   0x08008c4c   0x0000001c   Code   RO         4864    i.mode_strobe       ws2812b_fx.o
    0x08008c68   0x08008c68   0x00000034   Code   RO         4865    i.mode_strobe_rainbow  ws2812b_fx.o
    0x08008c9c   0x08008c9c   0x0000001c   Code   RO         4866    i.mode_theater_chase  ws2812b_fx.o
    0x08008cb8   0x08008cb8   0x0000002c   Code   RO         4867    i.mode_theater_chase_rainbow  ws2812b_fx.o
    0x08008ce4   0x08008ce4   0x0000001c   Code   RO         4868    i.mode_tricolor_chase  ws2812b_fx.o
    0x08008d00   0x08008d00   0x0000001c   Code   RO         4869    i.mode_twinkle      ws2812b_fx.o
    0x08008d1c   0x08008d1c   0x00000018   Code   RO         4870    i.mode_twinkle_fade  ws2812b_fx.o
    0x08008d34   0x08008d34   0x00000014   Code   RO         4871    i.mode_twinkle_fade_random  ws2812b_fx.o
    0x08008d48   0x08008d48   0x00000028   Code   RO         4872    i.mode_twinkle_random  ws2812b_fx.o
    0x08008d70   0x08008d70   0x00000006   Code   RO         4873    i.mode_white_to_color  ws2812b_fx.o
    0x08008d76   0x08008d76   0x00000002   PAD
    0x08008d78   0x08008d78   0x00000054   Code   RO         4097    i.mpu_configure_fifo  inv_mpu.o
    0x08008dcc   0x08008dcc   0x000000ac   Code   RO         4607    i.mpu_dmp_init      mpu_dmp_useapi.o
    0x08008e78   0x08008e78   0x0000003c   Code   RO         4098    i.mpu_get_accel_fsr  inv_mpu.o
    0x08008eb4   0x08008eb4   0x00000044   Code   RO         4100    i.mpu_get_accel_sens  inv_mpu.o
    0x08008ef8   0x08008ef8   0x00000034   Code   RO         4106    i.mpu_get_gyro_fsr  inv_mpu.o
    0x08008f2c   0x08008f2c   0x00000040   Code   RO         4108    i.mpu_get_gyro_sens  inv_mpu.o
    0x08008f6c   0x08008f6c   0x00000038   Code   RO         4110    i.mpu_get_lpf       inv_mpu.o
    0x08008fa4   0x08008fa4   0x0000001c   Code   RO         4112    i.mpu_get_sample_rate  inv_mpu.o
    0x08008fc0   0x08008fc0   0x00000188   Code   RO         4114    i.mpu_init          inv_mpu.o
    0x08009148   0x08009148   0x000000a0   Code   RO         4115    i.mpu_load_firmware  inv_mpu.o
    0x080091e8   0x080091e8   0x000000b8   Code   RO         4116    i.mpu_lp_accel_mode  inv_mpu.o
    0x080092a0   0x080092a0   0x00000090   Code   RO         4119    i.mpu_read_fifo_stream  inv_mpu.o
    0x08009330   0x08009330   0x00000054   Code   RO         4120    i.mpu_read_mem      inv_mpu.o
    0x08009384   0x08009384   0x00000160   Code   RO         4123    i.mpu_reset_fifo    inv_mpu.o
    0x080094e4   0x080094e4   0x000000f0   Code   RO         4124    i.mpu_run_self_test  inv_mpu.o
    0x080095d4   0x080095d4   0x00000068   Code   RO         4126    i.mpu_set_accel_fsr  inv_mpu.o
    0x0800963c   0x0800963c   0x000000dc   Code   RO         4127    i.mpu_set_bypass    inv_mpu.o
    0x08009718   0x08009718   0x00000078   Code   RO         4129    i.mpu_set_dmp_state  inv_mpu.o
    0x08009790   0x08009790   0x0000006c   Code   RO         4130    i.mpu_set_gyro_fsr  inv_mpu.o
    0x080097fc   0x080097fc   0x00000064   Code   RO         4131    i.mpu_set_int_latched  inv_mpu.o
    0x08009860   0x08009860   0x0000006c   Code   RO         4133    i.mpu_set_lpf       inv_mpu.o
    0x080098cc   0x080098cc   0x00000080   Code   RO         4134    i.mpu_set_sample_rate  inv_mpu.o
    0x0800994c   0x0800994c   0x000000b8   Code   RO         4135    i.mpu_set_sensors   inv_mpu.o
    0x08009a04   0x08009a04   0x00000054   Code   RO         4136    i.mpu_write_mem     inv_mpu.o
    0x08009a58   0x08009a58   0x00000070   Code   RO         4608    i.run_self_test     mpu_dmp_useapi.o
    0x08009ac8   0x08009ac8   0x00000088   Code   RO         4874    i.running           ws2812b_fx.o
    0x08009b50   0x08009b50   0x00000058   Code   RO         4137    i.set_int_enable    inv_mpu.o
    0x08009ba8   0x08009ba8   0x0000000c   Code   RO         4685    i.sine8             ws2812b.o
    0x08009bb4   0x08009bb4   0x0000004c   Code   RO         6528    i.sqrt              m_ws.l(sqrt.o)
    0x08009c00   0x08009c00   0x00000068   Code   RO         5753    i.system_init       system.o
    0x08009c68   0x08009c68   0x00000098   Code   RO         4876    i.theater_chase     ws2812b_fx.o
    0x08009d00   0x08009d00   0x00000108   Code   RO         4877    i.to_color          ws2812b_fx.o
    0x08009e08   0x08009e08   0x000000a0   Code   RO         4878    i.tricolor_chase    ws2812b_fx.o
    0x08009ea8   0x08009ea8   0x000000b0   Code   RO         4879    i.twinkle           ws2812b_fx.o
    0x08009f58   0x08009f58   0x00000060   Code   RO         4880    i.twinkle_fade      ws2812b_fx.o
    0x08009fb8   0x08009fb8   0x00000010   Data   RO         4056    .constdata          system_stm32f1xx.o
    0x08009fc8   0x08009fc8   0x00000008   Data   RO         4057    .constdata          system_stm32f1xx.o
    0x08009fd0   0x08009fd0   0x0000000c   Data   RO         4138    .constdata          inv_mpu.o
    0x08009fdc   0x08009fdc   0x0000001b   Data   RO         4139    .constdata          inv_mpu.o
    0x08009ff7   0x08009ff7   0x00000001   PAD
    0x08009ff8   0x08009ff8   0x00000028   Data   RO         4140    .constdata          inv_mpu.o
    0x0800a020   0x0800a020   0x00000bf6   Data   RO         4437    .constdata          inv_mpu_dmp_motion_driver.o
    0x0800ac16   0x0800ac16   0x00000200   Data   RO         4687    .constdata          ws2812b.o
    0x0800ae16   0x0800ae16   0x00000010   Data   RO         4882    .constdata          ws2812b_fx.o
    0x0800ae26   0x0800ae26   0x00000002   PAD
    0x0800ae28   0x0800ae28   0x00000050   Data   RO         6149    .constdata          m_ws.l(asin.o)
    0x0800ae78   0x0800ae78   0x00000098   Data   RO         6500    .constdata          m_ws.l(atan.o)
    0x0800af10   0x0800af10   0x00000008   Data   RO         6526    .constdata          m_ws.l(qnan.o)
    0x0800af18   0x0800af18   0x0000004d   Data   RO         4141    .conststring        inv_mpu.o
    0x0800af65   0x0800af65   0x00000003   PAD
    0x0800af68   0x0800af68   0x00000020   Data   RO         6590    Region$$Table       anon$$obj.o


    Execution Region RW_IRAM1 (Exec base: 0x20000000, Load base: 0x0800af88, Size: 0x00001398, Max: 0x0000c000, ABSOLUTE, COMPRESSED[0x000000e0])

    Exec Addr    Load Addr    Size         Type   Attr      Idx    E Section Name        Object

    0x20000000   COMPRESSED   0x0000000c   Data   RW         1061    .data               stm32f1xx_hal.o
    0x2000000c   COMPRESSED   0x00000004   Data   RW         4058    .data               system_stm32f1xx.o
    0x20000010   COMPRESSED   0x0000002c   Data   RW         4142    .data               inv_mpu.o
    0x2000003c   COMPRESSED   0x00000039   Data   RW         4610    .data               mpu_dmp_useapi.o
    0x20000075   COMPRESSED   0x00000003   PAD
    0x20000078   COMPRESSED   0x000000f4   Data   RW         4883    .data               ws2812b_fx.o
    0x2000016c   COMPRESSED   0x00000002   Data   RW         5656    .data               key.o
    0x2000016e   COMPRESSED   0x00000001   Data   RW         5700    .data               control.o
    0x2000016f   COMPRESSED   0x00000001   PAD
    0x20000170   COMPRESSED   0x00000014   Data   RW         5701    .data               control.o
    0x20000184   COMPRESSED   0x0000000e   Data   RW         5958    .data               filter.o
    0x20000192   COMPRESSED   0x00000002   PAD
    0x20000194   COMPRESSED   0x00000004   Data   RW         6173    .data               mc_w.l(rand.o)
    0x20000198   COMPRESSED   0x00000004   Data   RW         6549    .data               mc_w.l(stdout.o)
    0x2000019c   COMPRESSED   0x00000004   Data   RW         6567    .data               mc_w.l(errno.o)
    0x200001a0        -       0x00000170   Zero   RW          242    .bss                adc.o
    0x20000310        -       0x000000a8   Zero   RW          316    .bss                i2c.o
    0x200003b8        -       0x000000f4   Zero   RW          374    .bss                spi.o
    0x200004ac        -       0x000001b0   Zero   RW          429    .bss                tim.o
    0x2000065c        -       0x00000028   Zero   RW          513    .bss                usart.o
    0x20000684        -       0x00000080   Zero   RW          517    .bss                usart.o
    0x20000704   COMPRESSED   0x00000004   PAD
    0x20000708        -       0x00000020   Zero   RW         1765    .bss                stm32f1xx_hal_flash.o
    0x20000728        -       0x00000010   Zero   RW         4436    .bss                inv_mpu_dmp_motion_driver.o
    0x20000738        -       0x00000020   Zero   RW         4609    .bss                mpu_dmp_useapi.o
    0x20000758        -       0x00000045   Zero   RW         4686    .bss                ws2812b.o
    0x2000079d   COMPRESSED   0x00000003   PAD
    0x200007a0        -       0x0000003c   Zero   RW         5690    .bss                control.o
    0x200007dc        -       0x0000003c   Zero   RW         5691    .bss                control.o
    0x20000818        -       0x0000003c   Zero   RW         5692    .bss                control.o
    0x20000854        -       0x0000003c   Zero   RW         5693    .bss                control.o
    0x20000890        -       0x0000003c   Zero   RW         5694    .bss                control.o
    0x200008cc        -       0x0000003c   Zero   RW         5695    .bss                control.o
    0x20000908        -       0x0000003c   Zero   RW         5696    .bss                control.o
    0x20000944        -       0x0000003c   Zero   RW         5697    .bss                control.o
    0x20000980        -       0x0000003c   Zero   RW         5698    .bss                control.o
    0x200009bc        -       0x0000003c   Zero   RW         5699    .bss                control.o
    0x200009f8        -       0x0000000c   Zero   RW         5788    .bss                task_dispose.o
    0x20000a04        -       0x0000004e   Zero   RW         5831    .bss                nrf24l01.o
    0x20000a52   COMPRESSED   0x00000002   PAD
    0x20000a54        -       0x00000500   Zero   RW         5957    .bss                filter.o
    0x20000f54        -       0x00000044   Zero   RW         6082    .bss                paramsave.o
    0x20000f98        -       0x00000400   Zero   RW            1    STACK               startup_stm32f103xe.o


==============================================================================

Image component sizes


      Code (inc. data)   RO Data    RW Data    ZI Data      Debug   Object Name

       272         32          0          0        368       2497   adc.o
       358         54          0         21        600       3510   control.o
        60          4          0          0          0        870   dma.o
       172         42          0          0          0       2874   exti.o
       262          8          0         14       1280       8592   filter.o
       264         82          0          0          0       2823   flash.o
       416         28          0          0          0       1183   gpio.o
       368         60          0          0        168       4001   i2c.o
      4518        282        156         44          0      27184   inv_mpu.o
      2350        118       3062          0         16      20198   inv_mpu_dmp_motion_driver.o
         0          0          0          2          0        267   key.o
       200          6          0          0          0     524736   main.o
       846         46          0         57         32       5499   mpu_dmp_useapi.o
         0          0          0          0         78       3377   nrf24l01.o
      2404       1262          0          0         68       3330   paramsave.o
       204          6          0          0          0       1094   pid.o
       376         48          0          0        244       2671   spi.o
        36          8        304          0       1024        856   startup_stm32f103xe.o
       164         28          0         12          0       6925   stm32f1xx_hal.o
       616         28          0          0          0       3556   stm32f1xx_hal_adc.o
       206         14          0          0          0      29836   stm32f1xx_hal_cortex.o
      1012         52          0          0          0       3059   stm32f1xx_hal_dma.o
       392         46          0          0         32       5142   stm32f1xx_hal_flash.o
       248         28          0          0          0       3461   stm32f1xx_hal_flash_ex.o
       554         48          0          0          0       4376   stm32f1xx_hal_gpio.o
      2262         56          0          0          0      13370   stm32f1xx_hal_i2c.o
        68         10          0          0          0        974   stm32f1xx_hal_msp.o
      1272        100          0          0          0       5500   stm32f1xx_hal_rcc.o
       236         12          0          0          0       1484   stm32f1xx_hal_rcc_ex.o
       178          0          0          0          0       1335   stm32f1xx_hal_spi.o
      2108         76          0          0          0      19121   stm32f1xx_hal_tim.o
       128         20          0          0          0       2577   stm32f1xx_hal_tim_ex.o
      1178         10          0          0          0       9583   stm32f1xx_hal_uart.o
       142         30          0          0          0       8867   stm32f1xx_it.o
       104         38          0          0          0       1638   system.o
         2          0         24          4          0       1275   system_stm32f1xx.o
        36          8          0          0         12       1375   task_dispose.o
      1224        112          0          0        432       7115   tim.o
       364         48          0          0        168       3421   usart.o
       140         28        512          0         69       4776   ws2812b.o
      7964        324         16        244          0      53060   ws2812b_fx.o

    ----------------------------------------------------------------------
     33764       3202       4112        404       4600     807388   Object Totals
         0          0         32          0          0          0   (incl. Generated)
        60          0          6          6          9          0   (incl. Padding)

    ----------------------------------------------------------------------

      Code (inc. data)   RO Data    RW Data    ZI Data      Debug   Library Member Name

       624         52         80          0          0        168   asin.o
       544         70        152          0          0        124   atan.o
       384         38          0          0          0        144   atan2.o
        38          6          0          0          0        272   dunder.o
        40          0          0          0          0         68   fpclassify.o
       170          0          0          0          0         96   poly.o
         0          0          8          0          0          0   qnan.o
        76          0          0          0          0         84   sqrt.o
        86          0          0          0          0          0   __dczerorl2.o
         0          0          0          0          0          0   entry.o
         0          0          0          0          0          0   entry10a.o
         0          0          0          0          0          0   entry11a.o
         8          4          0          0          0          0   entry2.o
         4          0          0          0          0          0   entry5.o
         0          0          0          0          0          0   entry7b.o
         0          0          0          0          0          0   entry8b.o
         8          4          0          0          0          0   entry9a.o
        12          6          0          4          0         68   errno.o
        30          0          0          0          0          0   handlers.o
        36          8          0          0          0         68   init.o
         0          0          0          0          0          0   iusefp.o
        98          0          0          0          0         84   ldiv.o
        30          0          0          0          0         68   llshl.o
        36          0          0          0          0         68   llsshr.o
        32          0          0          0          0         68   llushr.o
        26          0          0          0          0         80   memcmp.o
        36          0          0          0          0        108   memseta.o
      2258         90          0          0          0        452   printfa.o
        36         10          0          4          0        136   rand.o
         0          0          0          4          0          0   stdout.o
        44          0          0          0          0         80   uidiv.o
        98          0          0          0          0         92   uldiv.o
        48          0          0          0          0         68   cdrcmple.o
        20          0          0          0          0         68   cfcmple.o
        20          0          0          0          0         68   cfrcmple.o
        56          0          0          0          0         88   d2f.o
       334          0          0          0          0        148   dadd.o
       222          0          0          0          0        100   ddiv.o
       186          0          0          0          0        176   depilogue.o
        48          0          0          0          0         68   dfixul.o
       228          0          0          0          0         96   dmul.o
        46          0          0          0          0         80   dscalb.o
       162          0          0          0          0        100   dsqrt.o
        38          0          0          0          0         68   f2d.o
       176          0          0          0          0        140   fadd.o
       124          0          0          0          0         88   fdiv.o
       110          0          0          0          0        168   fepilogue.o
        50          0          0          0          0         68   ffixi.o
        40          0          0          0          0         68   ffixui.o
        18          0          0          0          0         68   fflti.o
        10          0          0          0          0         68   ffltui.o
       100          0          0          0          0         76   fmul.o
        24          0          0          0          0         68   fscalb.o

    ----------------------------------------------------------------------
      6820        288        240         12          0       4268   Library Totals
         6          0          0          0          0          0   (incl. Padding)

    ----------------------------------------------------------------------

      Code (inc. data)   RO Data    RW Data    ZI Data      Debug   Library Name

      1876        166        240          0          0        956   m_ws.l
      2878        122          0         12          0       1372   mc_w.l
      2060          0          0          0          0       1940   mf_w.l

    ----------------------------------------------------------------------
      6820        288        240         12          0       4268   Library Totals

    ----------------------------------------------------------------------

==============================================================================


      Code (inc. data)   RO Data    RW Data    ZI Data      Debug   

     40584       3490       4352        416       4600     794624   Grand Totals
     40584       3490       4352        224       4600     794624   ELF Image Totals (compressed)
     40584       3490       4352        224          0          0   ROM Totals

==============================================================================

    Total RO  Size (Code + RO Data)                44936 (  43.88kB)
    Total RW  Size (RW Data + ZI Data)              5016 (   4.90kB)
    Total ROM Size (Code + RO Data + RW Data)      45160 (  44.10kB)

==============================================================================

